Archive member included to satisfy reference by file (symbol)

c:/sys/gcc/bin/../lib/gcc/arm-none-eabi/6.2.1/../../../../arm-none-eabi/lib/thumb/v7e-m/fpv4-sp/hard\libstdc++_nano.a(atexit_arm.o)
                              src/main.o (__aeabi_atexit)
c:/sys/gcc/bin/../lib/gcc/arm-none-eabi/6.2.1/../../../../arm-none-eabi/lib/thumb/v7e-m/fpv4-sp/hard\libc_nano.a(lib_a-abort.o)
                              StateOS/kernel/GNUCC/oslibc.o (abort)
c:/sys/gcc/bin/../lib/gcc/arm-none-eabi/6.2.1/../../../../arm-none-eabi/lib/thumb/v7e-m/fpv4-sp/hard\libc_nano.a(lib_a-cxa_atexit.o)
                              c:/sys/gcc/bin/../lib/gcc/arm-none-eabi/6.2.1/../../../../arm-none-eabi/lib/thumb/v7e-m/fpv4-sp/hard\libstdc++_nano.a(atexit_arm.o) (__cxa_atexit)
c:/sys/gcc/bin/../lib/gcc/arm-none-eabi/6.2.1/../../../../arm-none-eabi/lib/thumb/v7e-m/fpv4-sp/hard\libc_nano.a(lib_a-errno.o)
                              StateOS/kernel/GNUCC/oslibc.o (__errno)
c:/sys/gcc/bin/../lib/gcc/arm-none-eabi/6.2.1/../../../../arm-none-eabi/lib/thumb/v7e-m/fpv4-sp/hard\libc_nano.a(lib_a-exit.o)
                              c:/sys/gcc/bin/../lib/gcc/arm-none-eabi/6.2.1/../../../../arm-none-eabi/lib/thumb/v7e-m/fpv4-sp/hard/crt0.o (exit)
c:/sys/gcc/bin/../lib/gcc/arm-none-eabi/6.2.1/../../../../arm-none-eabi/lib/thumb/v7e-m/fpv4-sp/hard\libc_nano.a(lib_a-fini.o)
                              startup/STM32F4/startup.o (__libc_fini_array)
c:/sys/gcc/bin/../lib/gcc/arm-none-eabi/6.2.1/../../../../arm-none-eabi/lib/thumb/v7e-m/fpv4-sp/hard\libc_nano.a(lib_a-impure.o)
                              c:/sys/gcc/bin/../lib/gcc/arm-none-eabi/6.2.1/../../../../arm-none-eabi/lib/thumb/v7e-m/fpv4-sp/hard\libc_nano.a(lib_a-exit.o) (_global_impure_ptr)
c:/sys/gcc/bin/../lib/gcc/arm-none-eabi/6.2.1/../../../../arm-none-eabi/lib/thumb/v7e-m/fpv4-sp/hard\libc_nano.a(lib_a-init.o)
                              c:/sys/gcc/bin/../lib/gcc/arm-none-eabi/6.2.1/../../../../arm-none-eabi/lib/thumb/v7e-m/fpv4-sp/hard/crt0.o (__libc_init_array)
c:/sys/gcc/bin/../lib/gcc/arm-none-eabi/6.2.1/../../../../arm-none-eabi/lib/thumb/v7e-m/fpv4-sp/hard\libc_nano.a(lib_a-malloc.o)
                              StateOS/kernel/oskernel.o (malloc)
c:/sys/gcc/bin/../lib/gcc/arm-none-eabi/6.2.1/../../../../arm-none-eabi/lib/thumb/v7e-m/fpv4-sp/hard\libc_nano.a(lib_a-memset.o)
                              c:/sys/gcc/bin/../lib/gcc/arm-none-eabi/6.2.1/../../../../arm-none-eabi/lib/thumb/v7e-m/fpv4-sp/hard/crt0.o (memset)
c:/sys/gcc/bin/../lib/gcc/arm-none-eabi/6.2.1/../../../../arm-none-eabi/lib/thumb/v7e-m/fpv4-sp/hard\libc_nano.a(lib_a-nano-freer.o)
                              c:/sys/gcc/bin/../lib/gcc/arm-none-eabi/6.2.1/../../../../arm-none-eabi/lib/thumb/v7e-m/fpv4-sp/hard\libc_nano.a(lib_a-malloc.o) (_free_r)
c:/sys/gcc/bin/../lib/gcc/arm-none-eabi/6.2.1/../../../../arm-none-eabi/lib/thumb/v7e-m/fpv4-sp/hard\libc_nano.a(lib_a-nano-mallocr.o)
                              c:/sys/gcc/bin/../lib/gcc/arm-none-eabi/6.2.1/../../../../arm-none-eabi/lib/thumb/v7e-m/fpv4-sp/hard\libc_nano.a(lib_a-malloc.o) (_malloc_r)
c:/sys/gcc/bin/../lib/gcc/arm-none-eabi/6.2.1/../../../../arm-none-eabi/lib/thumb/v7e-m/fpv4-sp/hard\libc_nano.a(lib_a-on_exit_args.o)
                              c:/sys/gcc/bin/../lib/gcc/arm-none-eabi/6.2.1/../../../../arm-none-eabi/lib/thumb/v7e-m/fpv4-sp/hard\libc_nano.a(lib_a-cxa_atexit.o) (__on_exit_args)
c:/sys/gcc/bin/../lib/gcc/arm-none-eabi/6.2.1/../../../../arm-none-eabi/lib/thumb/v7e-m/fpv4-sp/hard\libc_nano.a(lib_a-printf.o)
                              StateOS/kernel/GNUCC/oslibc.o (printf)
c:/sys/gcc/bin/../lib/gcc/arm-none-eabi/6.2.1/../../../../arm-none-eabi/lib/thumb/v7e-m/fpv4-sp/hard\libc_nano.a(lib_a-signal.o)
                              c:/sys/gcc/bin/../lib/gcc/arm-none-eabi/6.2.1/../../../../arm-none-eabi/lib/thumb/v7e-m/fpv4-sp/hard\libc_nano.a(lib_a-abort.o) (raise)
c:/sys/gcc/bin/../lib/gcc/arm-none-eabi/6.2.1/../../../../arm-none-eabi/lib/thumb/v7e-m/fpv4-sp/hard\libc_nano.a(lib_a-strcmp.o)
                              StateOS/nasa-osal/osapi.o (strcmp)
c:/sys/gcc/bin/../lib/gcc/arm-none-eabi/6.2.1/../../../../arm-none-eabi/lib/thumb/v7e-m/fpv4-sp/hard\libc_nano.a(lib_a-strcpy.o)
                              StateOS/nasa-osal/osapi.o (strcpy)
c:/sys/gcc/bin/../lib/gcc/arm-none-eabi/6.2.1/../../../../arm-none-eabi/lib/thumb/v7e-m/fpv4-sp/hard\libc_nano.a(lib_a-strlen.o)
                              StateOS/nasa-osal/osapi.o (strlen)
c:/sys/gcc/bin/../lib/gcc/arm-none-eabi/6.2.1/../../../../arm-none-eabi/lib/thumb/v7e-m/fpv4-sp/hard\libc_nano.a(lib_a-strncpy.o)
                              StateOS/cmsis-rtos/cmsis_os2.o (strncpy)
c:/sys/gcc/bin/../lib/gcc/arm-none-eabi/6.2.1/../../../../arm-none-eabi/lib/thumb/v7e-m/fpv4-sp/hard\libc_nano.a(lib_a-findfp.o)
                              c:/sys/gcc/bin/../lib/gcc/arm-none-eabi/6.2.1/../../../../arm-none-eabi/lib/thumb/v7e-m/fpv4-sp/hard\libc_nano.a(lib_a-printf.o) (__sinit)
[...]
Memory Configuration

Name             Origin             Length             Attributes
ROM              0x08000000         0x00100000         xr
CCM              0x10000000         0x00010000         xrw
RAM              0x20000000         0x00020000         xrw
BKP              0x40024000         0x00001000         xrw
*default*        0x00000000         0xffffffff

Linker script and memory map

LOAD c:/sys/gcc/bin/../lib/gcc/arm-none-eabi/6.2.1/thumb/v7e-m/fpv4-sp/hard/crtfastmath.o
LOAD c:/sys/gcc/bin/../lib/gcc/arm-none-eabi/6.2.1/thumb/v7e-m/fpv4-sp/hard/crti.o
LOAD c:/sys/gcc/bin/../lib/gcc/arm-none-eabi/6.2.1/thumb/v7e-m/fpv4-sp/hard/crtbegin.o
LOAD c:/sys/gcc/bin/../lib/gcc/arm-none-eabi/6.2.1/../../../../arm-none-eabi/lib/thumb/v7e-m/fpv4-sp/hard/crt0.o
                0x10000000                __ccm_start = ORIGIN (CCM)
                0x10010000                __ccm_end = (ORIGIN (CCM) + LENGTH (CCM))
                0x20000000                __ram_start = ORIGIN (RAM)
                0x20020000                __ram_end = (ORIGIN (RAM) + LENGTH (RAM))
                0x08000000                __text_start = ORIGIN (ROM)

.text           0x08000000      0x93c
 *(.vectors)
 .vectors       0x08000000      0x188 startup/STM32F4/startup.o
                0x08000000                vectors
 *(.text .text.* .gnu.linkonce.t.*)
 .text.startup  0x08000188       0x10 c:/sys/gcc/bin/../lib/gcc/arm-none-eabi/6.2.1/thumb/v7e-m/fpv4-sp/hard/crtfastmath.o
 .text          0x08000198       0x6c c:/sys/gcc/bin/../lib/gcc/arm-none-eabi/6.2.1/thumb/v7e-m/fpv4-sp/hard/crtbegin.o
 .text.priv_mtx_unlink
                0x08000204       0x2e StateOS/interface/src/os_mtx.o
 .text.mtx_kill
                0x08000232       0x22 StateOS/interface/src/os_mtx.o
                0x08000232                mtx_kill
 .text.tmr_waitUntil
                0x08000254       0x1a StateOS/interface/src/os_tmr.o
                0x08000254                tmr_waitUntil
 .text.tsk_start
                0x0800026e       0x1e StateOS/interface/src/os_tsk.o
                0x0800026e                tsk_start
 .text.tsk_stop
                0x0800028c       0x30 StateOS/interface/src/os_tsk.o
                0x0800028c                tsk_stop
 .text.PendSV_Handler
                0x080002bc       0x3c StateOS/kernel/GNUCC/oscore.o
                0x080002bc                PendSV_Handler
 .text.priv_tsk_idle
                0x080002f8        0x4 StateOS/kernel/oskernel.o
 .text.priv_tsk_insert
                0x080002fc       0x20 StateOS/kernel/oskernel.o
 .text.priv_tmr_insert
                0x0800031c       0x30 StateOS/kernel/oskernel.o
 .text.core_tsk_insert
                0x0800034c       0x24 StateOS/kernel/oskernel.o
                0x0800034c                core_tsk_insert
 .text.core_tsk_remove
                0x08000370       0x28 StateOS/kernel/oskernel.o
                0x08000370                core_tsk_remove
 .text.core_ctx_init
                0x08000398       0x24 StateOS/kernel/oskernel.o
                0x08000398                core_ctx_init
 .text.core_ctx_switch
                0x080003bc       0x20 StateOS/kernel/oskernel.o
                0x080003bc                core_ctx_switch
 .text.core_tsk_loop
                0x080003dc       0x18 StateOS/kernel/oskernel.o
                0x080003dc                core_tsk_loop
 .text.core_tsk_append
                0x080003f4       0x1e StateOS/kernel/oskernel.o
                0x080003f4                core_tsk_append
 .text.core_tsk_unlink
                0x08000412       0x12 StateOS/kernel/oskernel.o
                0x08000412                core_tsk_unlink
 .text.core_tsk_prio
                0x08000424       0x74 StateOS/kernel/oskernel.o
                0x08000424                core_tsk_prio
 .text.core_tsk_handler
                0x08000498       0x3c StateOS/kernel/oskernel.o
                0x08000498                core_tsk_handler
 .text.core_tmr_insert
                0x080004d4       0x18 StateOS/kernel/oskernel.o
                0x080004d4                core_tmr_insert
 .text.priv_tsk_wait
                0x080004ec       0x28 StateOS/kernel/oskernel.o
 .text.core_tsk_waitUntil
                0x08000514       0x24 StateOS/kernel/oskernel.o
                0x08000514                core_tsk_waitUntil
 .text.core_tmr_remove
                0x08000538        0xe StateOS/kernel/oskernel.o
                0x08000538                core_tmr_remove
 .text.core_tsk_wakeup
                0x08000546       0x16 StateOS/kernel/oskernel.o
                0x08000546                core_tsk_wakeup
 .text.core_all_wakeup
                0x0800055c       0x14 StateOS/kernel/oskernel.o
                0x0800055c                core_all_wakeup
 .text.core_tmr_handler
                0x08000570       0x78 StateOS/kernel/oskernel.o
                0x08000570                core_tmr_handler
 .text.startup.port_sys_init
                0x080005e8       0x54 StateOS/port/STM32F4/osport.o
                0x080005e8                port_sys_init
 .text.TIM2_IRQHandler
                0x0800063c        0xc StateOS/port/STM32F4/osport.o
                0x0800063c                TIM2_IRQHandler
 .text.SysTick_Handler
                0x08000648        0x4 StateOS/port/STM32F4/osport.o
                0x08000648                SysTick_Handler
 .text._ZN9startTaskD2Ev
                0x0800064c        0x2 src/main.o
                0x0800064c                startTask::~startTask()
                0x0800064c                startTask::~startTask()
 *fill*         0x0800064e        0x2 
 .text._ZN8ThisTask10sleepUntilEj
                0x08000650        0xc src/main.o
                0x08000650                ThisTask::sleepUntil(unsigned int)
 .text._Z4procRjj
                0x0800065c       0x1c src/main.o
                0x0800065c                proc(unsigned int&, unsigned int)
 .text._ZNUlvE_4_FUNEv
                0x08000678       0x10 src/main.o
 .text._ZNUlvE0_4_FUNEv
                0x08000688       0x14 src/main.o
 .text._ZNUlvE1_4_FUNEv
                0x0800069c       0x14 src/main.o
 .text._ZNUlvE2_4_FUNEv
                0x080006b0       0x14 src/main.o
 .text._ZNUlvE3_4_FUNEv
                0x080006c4       0x14 src/main.o
 .text.startup.main
                0x080006d8        0x6 src/main.o
                0x080006d8                main
 .text._ZN10startTaskTILj512EEC2EjPFvvE
                0x080006de       0x34 src/main.o
                0x080006de                startTaskT<512u>::startTaskT(unsigned int, void (*)())
                0x080006de                startTaskT<512u>::startTaskT(unsigned int, void (*)())
 *fill*         0x08000712        0x2 
 .text.startup._GLOBAL__sub_I__ZN9ThisTimer7flipISREPFvvE
                0x08000714       0xe0 src/main.o
 .text.Fault_Handler
                0x080007f4        0x2 startup/STM32F4/startup.o
                0x080007f4                RTC_Alarm_IRQHandler
                0x080007f4                HASH_RNG_IRQHandler
                0x080007f4                EXTI2_IRQHandler
                0x080007f4                TIM8_CC_IRQHandler
                0x080007f4                DebugMon_Handler
                0x080007f4                UART8_IRQHandler
                0x080007f4                FMPI2C1_EV_IRQHandler
                0x080007f4                SPI4_IRQHandler
                0x080007f4                TIM1_CC_IRQHandler
                0x080007f4                DMA2_Stream5_IRQHandler
                0x080007f4                HardFault_Handler
                0x080007f4                DMA1_Stream5_IRQHandler
                0x080007f4                PVD_IRQHandler
                0x080007f4                SDIO_IRQHandler
                0x080007f4                TAMP_STAMP_IRQHandler
                0x080007f4                NMI_Handler
                0x080007f4                CAN2_RX1_IRQHandler
                0x080007f4                EXTI3_IRQHandler
                0x080007f4                TIM8_TRG_COM_TIM14_IRQHandler
                0x080007f4                TIM1_UP_TIM10_IRQHandler
                0x080007f4                TIM8_UP_TIM13_IRQHandler
                0x080007f4                I2C3_ER_IRQHandler
                0x080007f4                EXTI0_IRQHandler
                0x080007f4                I2C2_EV_IRQHandler
                0x080007f4                DMA1_Stream2_IRQHandler
                0x080007f4                CAN1_RX0_IRQHandler
                0x080007f4                FPU_IRQHandler
                0x080007f4                OTG_HS_WKUP_IRQHandler
                0x080007f4                UsageFault_Handler
                0x080007f4                LTDC_ER_IRQHandler
                0x080007f4                CAN2_SCE_IRQHandler
                0x080007f4                DMA2_Stream2_IRQHandler
                0x080007f4                SPI1_IRQHandler
                0x080007f4                TIM6_DAC_IRQHandler
                0x080007f4                TIM1_BRK_TIM9_IRQHandler
                0x080007f4                DCMI_IRQHandler
                0x080007f4                CAN2_RX0_IRQHandler
                0x080007f4                DMA2_Stream3_IRQHandler
                0x080007f4                SAI2_IRQHandler
                0x080007f4                USART6_IRQHandler
                0x080007f4                USART3_IRQHandler
                0x080007f4                CRYP_IRQHandler
                0x080007f4                CAN1_RX1_IRQHandler
                0x080007f4                UART5_IRQHandler
                0x080007f4                DMA2_Stream0_IRQHandler
                0x080007f4                TIM4_IRQHandler
                0x080007f4                QUADSPI_IRQHandler
                0x080007f4                I2C1_EV_IRQHandler
                0x080007f4                DMA1_Stream6_IRQHandler
                0x080007f4                DMA1_Stream1_IRQHandler
                0x080007f4                UART4_IRQHandler
                0x080007f4                TIM3_IRQHandler
                0x080007f4                RCC_IRQHandler
                0x080007f4                TIM8_BRK_TIM12_IRQHandler
                0x080007f4                CEC_IRQHandler
                0x080007f4                EXTI15_10_IRQHandler
                0x080007f4                ADC_IRQHandler
                0x080007f4                DMA1_Stream7_IRQHandler
                0x080007f4                SPI5_IRQHandler
                0x080007f4                TIM7_IRQHandler
                0x080007f4                CAN2_TX_IRQHandler
                0x080007f4                TIM5_IRQHandler
                0x080007f4                DMA2_Stream7_IRQHandler
                0x080007f4                I2C3_EV_IRQHandler
                0x080007f4                EXTI9_5_IRQHandler
                0x080007f4                RTC_WKUP_IRQHandler
                0x080007f4                LTDC_IRQHandler
                0x080007f4                ETH_WKUP_IRQHandler
                0x080007f4                SPDIF_RX_IRQHandler
                0x080007f4                SPI2_IRQHandler
                0x080007f4                OTG_HS_EP1_IN_IRQHandler
                0x080007f4                MemManage_Handler
                0x080007f4                DMA1_Stream0_IRQHandler
                0x080007f4                CAN1_TX_IRQHandler
                0x080007f4                SVC_Handler
                0x080007f4                FMPI2C1_ER_IRQHandler
                0x080007f4                EXTI4_IRQHandler
                0x080007f4                FSMC_IRQHandler
                0x080007f4                ETH_IRQHandler
                0x080007f4                OTG_HS_EP1_OUT_IRQHandler
                0x080007f4                WWDG_IRQHandler
                0x080007f4                SPI6_IRQHandler
                0x080007f4                OTG_FS_WKUP_IRQHandler
                0x080007f4                TIM1_TRG_COM_TIM11_IRQHandler
                0x080007f4                OTG_HS_IRQHandler
                0x080007f4                DMA2D_IRQHandler
                0x080007f4                EXTI1_IRQHandler
                0x080007f4                UART7_IRQHandler
                0x080007f4                USART2_IRQHandler
                0x080007f4                I2C2_ER_IRQHandler
                0x080007f4                DMA2_Stream1_IRQHandler
                0x080007f4                CAN1_SCE_IRQHandler
                0x080007f4                FLASH_IRQHandler
                0x080007f4                _exit
                0x080007f4                DMA2_Stream4_IRQHandler
                0x080007f4                BusFault_Handler
                0x080007f4                USART1_IRQHandler
                0x080007f4                OTG_FS_IRQHandler
                0x080007f4                SPI3_IRQHandler
                0x080007f4                DMA1_Stream4_IRQHandler
                0x080007f4                I2C1_ER_IRQHandler
                0x080007f4                DMA2_Stream6_IRQHandler
                0x080007f4                SAI1_IRQHandler
                0x080007f4                DMA1_Stream3_IRQHandler
 *fill*         0x080007f6        0x2 
 .text.Reset_Handler
                0x080007f8       0x5c startup/STM32F4/startup.o
                0x080007f8                Reset_Handler
 .text.SystemInit
                0x08000854       0x50 startup/STM32F4/system_stm32f4xx.o
                0x08000854                SystemInit
 .text.__aeabi_atexit
                0x080008a4        0xa c:/sys/gcc/bin/../lib/gcc/arm-none-eabi/6.2.1/../../../../arm-none-eabi/lib/thumb/v7e-m/fpv4-sp/hard\libstdc++_nano.a(atexit_arm.o)
                0x080008a4                __aeabi_atexit
 *fill*         0x080008ae        0x2 
 .text.__cxa_atexit
                0x080008b0       0x1c c:/sys/gcc/bin/../lib/gcc/arm-none-eabi/6.2.1/../../../../arm-none-eabi/lib/thumb/v7e-m/fpv4-sp/hard\libc_nano.a(lib_a-cxa_atexit.o)
                0x080008b0                __cxa_atexit
 .text.__libc_fini_array
                0x080008cc       0x28 c:/sys/gcc/bin/../lib/gcc/arm-none-eabi/6.2.1/../../../../arm-none-eabi/lib/thumb/v7e-m/fpv4-sp/hard\libc_nano.a(lib_a-fini.o)
                0x080008cc                __libc_fini_array
 .text.__libc_init_array
                0x080008f4       0x48 c:/sys/gcc/bin/../lib/gcc/arm-none-eabi/6.2.1/../../../../arm-none-eabi/lib/thumb/v7e-m/fpv4-sp/hard\libc_nano.a(lib_a-init.o)
                0x080008f4                __libc_init_array
 *(.rodata .rodata.* .gnu.linkonce.r.*)
 *(.glue_7 .glue_7t)
 .glue_7        0x0800093c        0x0 linker stubs
 .glue_7t       0x0800093c        0x0 linker stubs

.vfp11_veneer   0x0800093c        0x0
 .vfp11_veneer  0x0800093c        0x0 linker stubs

.v4_bx          0x0800093c        0x0
 .v4_bx         0x0800093c        0x0 linker stubs

.iplt           0x0800093c        0x0
 .iplt          0x0800093c        0x0 c:/sys/gcc/bin/../lib/gcc/arm-none-eabi/6.2.1/thumb/v7e-m/fpv4-sp/hard/crtfastmath.o

.init           0x0800093c       0x1c
                0x0800093c                __preinit_array_start = .
 *(.preinit_array)
                0x0800093c                __preinit_array_end = .
                0x0800093c                __init_array_start = .
 *(SORT(.init_array.*))
 *(.init_array)
 .init_array    0x0800093c        0x4 c:/sys/gcc/bin/../lib/gcc/arm-none-eabi/6.2.1/thumb/v7e-m/fpv4-sp/hard/crtfastmath.o
 .init_array    0x08000940        0x4 c:/sys/gcc/bin/../lib/gcc/arm-none-eabi/6.2.1/thumb/v7e-m/fpv4-sp/hard/crtbegin.o
 .init_array    0x08000944        0x4 StateOS/port/STM32F4/osport.o
 .init_array    0x08000948        0x4 src/main.o
                0x0800094c                __init_array_end = .
 *(.init)
 .init          0x0800094c        0x4 c:/sys/gcc/bin/../lib/gcc/arm-none-eabi/6.2.1/thumb/v7e-m/fpv4-sp/hard/crti.o
                0x0800094c                _init
 .init          0x08000950        0x8 c:/sys/gcc/bin/../lib/gcc/arm-none-eabi/6.2.1/thumb/v7e-m/fpv4-sp/hard/crtn.o

.fini           0x08000958       0x10
                0x08000958                __fini_array_start = .
 *(.fini_array)
 .fini_array    0x08000958        0x4 c:/sys/gcc/bin/../lib/gcc/arm-none-eabi/6.2.1/thumb/v7e-m/fpv4-sp/hard/crtbegin.o
 *(SORT(.fini_array.*))
                0x0800095c                __fini_array_end = .
 *(.fini)
 .fini          0x0800095c        0x4 c:/sys/gcc/bin/../lib/gcc/arm-none-eabi/6.2.1/thumb/v7e-m/fpv4-sp/hard/crti.o
                0x0800095c                _fini
 .fini          0x08000960        0x8 c:/sys/gcc/bin/../lib/gcc/arm-none-eabi/6.2.1/thumb/v7e-m/fpv4-sp/hard/crtn.o

.ARM.extab      0x08000968        0x0
 *(.ARM.extab* .gnu.linkonce.armextab.*)
 *(.gcc_except_table)
 *(.eh_frame_hdr)
 *(.eh_frame)
 .eh_frame      0x08000968        0x0 c:/sys/gcc/bin/../lib/gcc/arm-none-eabi/6.2.1/thumb/v7e-m/fpv4-sp/hard/crtbegin.o

.rel.dyn        0x08000968        0x0
 .rel.iplt      0x08000968        0x0 c:/sys/gcc/bin/../lib/gcc/arm-none-eabi/6.2.1/thumb/v7e-m/fpv4-sp/hard/crtfastmath.o

.ARM.exidx      0x08000968        0x0
                0x08000968                __exidx_start = .
 *(.ARM.exidx* .gnu.linkonce.armexidx.*)
                0x08000968                __exidx_end = .
                0x08000968                __text_end = .
                0x00000968                __text_size = (. - __text_start)

.ccm
 *(.ccm)

.bkp
 *(.bkp)

.main_stack     0x20000000        0x0
                0x20000000                __main_stack_start = .
 *(.main_stack)
                0x20000000                . = ALIGN (0x8)
                0x20000000                __main_stack_end = .
                0x00000000                __main_stack_size = SIZEOF (.main_stack)

.data           0x20000000      0x130 load address 0x08000968
                0x08000968                __data_init_start = LOADADDR (.data)
                0x20000000                __data_start = .
 *(.data* .gnu.linkonce.d.*)
 .data          0x20000000        0x4 c:/sys/gcc/bin/../lib/gcc/arm-none-eabi/6.2.1/thumb/v7e-m/fpv4-sp/hard/crtbegin.o
                0x20000000                __dso_handle
 .data.IDLE     0x20000004       0x44 StateOS/kernel/oskernel.o
                0x20000004                IDLE
 .data.IDLE_STACK
                0x20000048       0x80 StateOS/kernel/oskernel.o
 .data.MAIN     0x200000c8       0x44 StateOS/kernel/oskernel.o
                0x200000c8                MAIN
 .data.System   0x2000010c        0x4 StateOS/kernel/oskernel.o
                0x2000010c                System
 .data.WAIT     0x20000110       0x20 StateOS/kernel/oskernel.o
                0x20000110                WAIT
                0x20000130                . = ALIGN (0x4)
                0x20000130                __data_end = .
                0x00000130                __data_size = SIZEOF (.data)

.igot.plt       0x20000130        0x0 load address 0x08000a98
 .igot.plt      0x20000130        0x0 c:/sys/gcc/bin/../lib/gcc/arm-none-eabi/6.2.1/thumb/v7e-m/fpv4-sp/hard/crtfastmath.o

.jcr            0x20000130        0x0 load address 0x08000a98
 .jcr           0x20000130        0x0 c:/sys/gcc/bin/../lib/gcc/arm-none-eabi/6.2.1/thumb/v7e-m/fpv4-sp/hard/crtbegin.o

.bss            0x20000130      0xb88
                0x20000130                __bss_start = .
 *(.bss* .gnu.linkonce.b.*)
 .bss           0x20000130       0x1c c:/sys/gcc/bin/../lib/gcc/arm-none-eabi/6.2.1/thumb/v7e-m/fpv4-sp/hard/crtbegin.o
 *fill*         0x2000014c        0x4 
 .bss.t1        0x20000150      0x248 src/main.o
                0x20000150                t1
 .bss.t2        0x20000398      0x248 src/main.o
                0x20000398                t2
 .bss.t3        0x200005e0      0x248 src/main.o
                0x200005e0                t3
 .bss.t4        0x20000828      0x248 src/main.o
                0x20000828                t4
 .bss.t5        0x20000a70      0x248 src/main.o
                0x20000a70                t5
 *(COMMON)
                0x20000cb8                . = ALIGN (0x4)
                0x20000cb8                __bss_end = .
                0x00000b88                __bss_size = SIZEOF (.bss)

.proc_stack     0x20000cb8        0x0
 *(.proc_stack)
                0x20000cb8                . = ALIGN (0x8)
                0x00000000                __proc_stack_size = SIZEOF (.proc_stack)
                0x20000cb8                __heap_start = LOADADDR (.proc_stack)
                0x20020000                __heap_end = (__ram_end - __proc_stack_size)
                0x20020000                __proc_stack_start = __heap_end
                0x20020000                __proc_stack_end = __ram_end
                0x20020000                __initial_msp = __main_stack_size?__main_stack_end:__heap_end
                0x20020000                __initial_sp = __proc_stack_size?__proc_stack_end:__initial_msp
                [!provide]                PROVIDE (__data_start__, __data_start)
                [!provide]                PROVIDE (__data_end__, __data_end)
                0x20000130                PROVIDE (__bss_start__, __bss_start)
                0x20000cb8                PROVIDE (__bss_end__, __bss_end)
                [!provide]                PROVIDE (__end__, __bss_end)
                [!provide]                PROVIDE (__heap_base__, __heap_start)
                [!provide]                PROVIDE (__heap_end__, __heap_end)
                [!provide]                PROVIDE (__heap_base, __heap_start)
                [!provide]                PROVIDE (__heap_limit, __heap_end)
                0x20020000                PROVIDE (__stack, __initial_sp)
                [!provide]                PROVIDE (__process_stack_start, __proc_stack_start)
                [!provide]                PROVIDE (__process_stack_size, __proc_stack_size)
                [!provide]                PROVIDE (__process_stack_end, __proc_stack_end)
LOAD StateOS/cmsis-rtos/cmsis_os1.o
LOAD StateOS/cmsis-rtos/cmsis_os2.o
LOAD StateOS/interface/src/os_bar.o
LOAD StateOS/interface/src/os_box.o
LOAD StateOS/interface/src/os_cnd.o
LOAD StateOS/interface/src/os_evt.o
LOAD StateOS/interface/src/os_flg.o
LOAD StateOS/interface/src/os_lst.o
LOAD StateOS/interface/src/os_mem.o
LOAD StateOS/interface/src/os_msg.o
LOAD StateOS/interface/src/os_mtx.o
LOAD StateOS/interface/src/os_mut.o
LOAD StateOS/interface/src/os_sem.o
LOAD StateOS/interface/src/os_sig.o
LOAD StateOS/interface/src/os_tmr.o
LOAD StateOS/interface/src/os_tsk.o
LOAD StateOS/kernel/ARMCC/oscore.o
LOAD StateOS/kernel/ARMCC/oslibc.o
LOAD StateOS/kernel/CLANG/oscore.o
LOAD StateOS/kernel/CLANG/oslibc.o
LOAD StateOS/kernel/CSMCC/oscore.o
LOAD StateOS/kernel/CSMCC/oslibc.o
LOAD StateOS/kernel/GNUCC/oscore.o
LOAD StateOS/kernel/GNUCC/oslibc.o
LOAD StateOS/kernel/oskernel.o
LOAD StateOS/nasa-osal/osapi.o
LOAD StateOS/port/STM32F4/osport.o
LOAD src/main.o
LOAD startup/STM32F4/startup.o
LOAD startup/STM32F4/system_stm32f4xx.o
LOAD c:/sys/gcc/bin/../lib/gcc/arm-none-eabi/6.2.1/../../../../arm-none-eabi/lib/thumb/v7e-m/fpv4-sp/hard\libstdc++_nano.a
LOAD c:/sys/gcc/bin/../lib/gcc/arm-none-eabi/6.2.1/../../../../arm-none-eabi/lib/thumb/v7e-m/fpv4-sp/hard\libm.a
START GROUP
LOAD c:/sys/gcc/bin/../lib/gcc/arm-none-eabi/6.2.1/thumb/v7e-m/fpv4-sp/hard\libgcc.a
LOAD c:/sys/gcc/bin/../lib/gcc/arm-none-eabi/6.2.1/../../../../arm-none-eabi/lib/thumb/v7e-m/fpv4-sp/hard\libc_nano.a
END GROUP
START GROUP
LOAD c:/sys/gcc/bin/../lib/gcc/arm-none-eabi/6.2.1/thumb/v7e-m/fpv4-sp/hard\libgcc.a
LOAD c:/sys/gcc/bin/../lib/gcc/arm-none-eabi/6.2.1/../../../../arm-none-eabi/lib/thumb/v7e-m/fpv4-sp/hard\libc_nano.a
END GROUP
LOAD c:/sys/gcc/bin/../lib/gcc/arm-none-eabi/6.2.1/thumb/v7e-m/fpv4-sp/hard/crtend.o
LOAD c:/sys/gcc/bin/../lib/gcc/arm-none-eabi/6.2.1/thumb/v7e-m/fpv4-sp/hard/crtn.o
OUTPUT(StateOS.elf elf32-littlearm)

.ARM.attributes
                0x00000000       0x32
 .ARM.attributes
                0x00000000       0x34 c:/sys/gcc/bin/../lib/gcc/arm-none-eabi/6.2.1/thumb/v7e-m/fpv4-sp/hard/crtfastmath.o
 .ARM.attributes
                0x00000034       0x22 c:/sys/gcc/bin/../lib/gcc/arm-none-eabi/6.2.1/thumb/v7e-m/fpv4-sp/hard/crti.o
 .ARM.attributes
                0x00000056       0x34 c:/sys/gcc/bin/../lib/gcc/arm-none-eabi/6.2.1/thumb/v7e-m/fpv4-sp/hard/crtbegin.o
 .ARM.attributes
                0x0000008a       0x35 StateOS/interface/src/os_mtx.o
 .ARM.attributes
                0x000000bf       0x35 StateOS/interface/src/os_tmr.o
 .ARM.attributes
                0x000000f4       0x35 StateOS/interface/src/os_tsk.o
 .ARM.attributes
                0x00000129       0x35 StateOS/kernel/GNUCC/oscore.o
 .ARM.attributes
                0x0000015e       0x35 StateOS/kernel/oskernel.o
 .ARM.attributes
                0x00000193       0x35 StateOS/port/STM32F4/osport.o
 .ARM.attributes
                0x000001c8       0x35 src/main.o
 .ARM.attributes
                0x000001fd       0x35 startup/STM32F4/startup.o
 .ARM.attributes
                0x00000232       0x35 startup/STM32F4/system_stm32f4xx.o
 .ARM.attributes
                0x00000267       0x34 c:/sys/gcc/bin/../lib/gcc/arm-none-eabi/6.2.1/../../../../arm-none-eabi/lib/thumb/v7e-m/fpv4-sp/hard\libstdc++_nano.a(atexit_arm.o)
 .ARM.attributes
                0x0000029b       0x34 c:/sys/gcc/bin/../lib/gcc/arm-none-eabi/6.2.1/../../../../arm-none-eabi/lib/thumb/v7e-m/fpv4-sp/hard\libc_nano.a(lib_a-cxa_atexit.o)
 .ARM.attributes
                0x000002cf       0x34 c:/sys/gcc/bin/../lib/gcc/arm-none-eabi/6.2.1/../../../../arm-none-eabi/lib/thumb/v7e-m/fpv4-sp/hard\libc_nano.a(lib_a-fini.o)
 .ARM.attributes
                0x00000303       0x34 c:/sys/gcc/bin/../lib/gcc/arm-none-eabi/6.2.1/../../../../arm-none-eabi/lib/thumb/v7e-m/fpv4-sp/hard\libc_nano.a(lib_a-init.o)
 .ARM.attributes
                0x00000337       0x22 c:/sys/gcc/bin/../lib/gcc/arm-none-eabi/6.2.1/thumb/v7e-m/fpv4-sp/hard/crtn.o

.comment        0x00000000       0x6e
 .comment       0x00000000       0x6e StateOS/interface/src/os_mtx.o
                                 0x6f (size before relaxing)
 .comment       0x0000006e       0x6f StateOS/interface/src/os_tmr.o
 .comment       0x0000006e       0x6f StateOS/interface/src/os_tsk.o
 .comment       0x0000006e       0x6f StateOS/kernel/GNUCC/oscore.o
 .comment       0x0000006e       0x6f StateOS/kernel/oskernel.o
 .comment       0x0000006e       0x6f StateOS/port/STM32F4/osport.o
 .comment       0x0000006e       0x6f src/main.o
 .comment       0x0000006e       0x6f startup/STM32F4/startup.o
 .comment       0x0000006e       0x6f startup/STM32F4/system_stm32f4xx.o

.debug_frame    0x00000000       0xcc
 .debug_frame   0x00000000       0x20 c:/sys/gcc/bin/../lib/gcc/arm-none-eabi/6.2.1/thumb/v7e-m/fpv4-sp/hard/crtfastmath.o
 .debug_frame   0x00000020       0x20 c:/sys/gcc/bin/../lib/gcc/arm-none-eabi/6.2.1/../../../../arm-none-eabi/lib/thumb/v7e-m/fpv4-sp/hard\libstdc++_nano.a(atexit_arm.o)
 .debug_frame   0x00000040       0x28 c:/sys/gcc/bin/../lib/gcc/arm-none-eabi/6.2.1/../../../../arm-none-eabi/lib/thumb/v7e-m/fpv4-sp/hard\libc_nano.a(lib_a-cxa_atexit.o)
 .debug_frame   0x00000068       0x38 c:/sys/gcc/bin/../lib/gcc/arm-none-eabi/6.2.1/../../../../arm-none-eabi/lib/thumb/v7e-m/fpv4-sp/hard\libc_nano.a(lib_a-fini.o)
 .debug_frame   0x000000a0       0x2c c:/sys/gcc/bin/../lib/gcc/arm-none-eabi/6.2.1/../../../../arm-none-eabi/lib/thumb/v7e-m/fpv4-sp/hard\libc_nano.a(lib_a-init.o)

Cross Reference Table

Symbol                                            File
ADC_IRQHandler                                    startup/STM32F4/startup.o
BusFault_Handler                                  startup/STM32F4/startup.o
CAN1_RX0_IRQHandler                               startup/STM32F4/startup.o
CAN1_RX1_IRQHandler                               startup/STM32F4/startup.o
CAN1_SCE_IRQHandler                               startup/STM32F4/startup.o
CAN1_TX_IRQHandler                                startup/STM32F4/startup.o
CAN2_RX0_IRQHandler                               startup/STM32F4/startup.o
CAN2_RX1_IRQHandler                               startup/STM32F4/startup.o
CAN2_SCE_IRQHandler                               startup/STM32F4/startup.o
CAN2_TX_IRQHandler                                startup/STM32F4/startup.o
CEC_IRQHandler                                    startup/STM32F4/startup.o
CRYP_IRQHandler                                   startup/STM32F4/startup.o
DCMI_IRQHandler                                   startup/STM32F4/startup.o
DMA1_Stream0_IRQHandler                           startup/STM32F4/startup.o
DMA1_Stream1_IRQHandler                           startup/STM32F4/startup.o
DMA1_Stream2_IRQHandler                           startup/STM32F4/startup.o
DMA1_Stream3_IRQHandler                           startup/STM32F4/startup.o
DMA1_Stream4_IRQHandler                           startup/STM32F4/startup.o
DMA1_Stream5_IRQHandler                           startup/STM32F4/startup.o
DMA1_Stream6_IRQHandler                           startup/STM32F4/startup.o
DMA1_Stream7_IRQHandler                           startup/STM32F4/startup.o
DMA2D_IRQHandler                                  startup/STM32F4/startup.o
DMA2_Stream0_IRQHandler                           startup/STM32F4/startup.o
DMA2_Stream1_IRQHandler                           startup/STM32F4/startup.o
DMA2_Stream2_IRQHandler                           startup/STM32F4/startup.o
DMA2_Stream3_IRQHandler                           startup/STM32F4/startup.o
DMA2_Stream4_IRQHandler                           startup/STM32F4/startup.o
DMA2_Stream5_IRQHandler                           startup/STM32F4/startup.o
DMA2_Stream6_IRQHandler                           startup/STM32F4/startup.o
DMA2_Stream7_IRQHandler                           startup/STM32F4/startup.o
DebugMon_Handler                                  startup/STM32F4/startup.o
ETH_IRQHandler                                    startup/STM32F4/startup.o
ETH_WKUP_IRQHandler                               startup/STM32F4/startup.o
EXTI0_IRQHandler                                  startup/STM32F4/startup.o
EXTI15_10_IRQHandler                              startup/STM32F4/startup.o
EXTI1_IRQHandler                                  startup/STM32F4/startup.o
EXTI2_IRQHandler                                  startup/STM32F4/startup.o
EXTI3_IRQHandler                                  startup/STM32F4/startup.o
EXTI4_IRQHandler                                  startup/STM32F4/startup.o
EXTI9_5_IRQHandler                                startup/STM32F4/startup.o
FLASH_IRQHandler                                  startup/STM32F4/startup.o
FMPI2C1_ER_IRQHandler                             startup/STM32F4/startup.o
FMPI2C1_EV_IRQHandler                             startup/STM32F4/startup.o
FPU_IRQHandler                                    startup/STM32F4/startup.o
FSMC_IRQHandler                                   startup/STM32F4/startup.o
HASH_RNG_IRQHandler                               startup/STM32F4/startup.o
HardFault_Handler                                 startup/STM32F4/startup.o
I2C1_ER_IRQHandler                                startup/STM32F4/startup.o
I2C1_EV_IRQHandler                                startup/STM32F4/startup.o
I2C2_ER_IRQHandler                                startup/STM32F4/startup.o
I2C2_EV_IRQHandler                                startup/STM32F4/startup.o
I2C3_ER_IRQHandler                                startup/STM32F4/startup.o
I2C3_EV_IRQHandler                                startup/STM32F4/startup.o
IDLE                                              StateOS/kernel/oskernel.o
                                                  StateOS/cmsis-rtos/cmsis_os2.o
LTDC_ER_IRQHandler                                startup/STM32F4/startup.o
LTDC_IRQHandler                                   startup/STM32F4/startup.o
MAIN                                              StateOS/kernel/oskernel.o
MemManage_Handler                                 startup/STM32F4/startup.o
NMI_Handler                                       startup/STM32F4/startup.o
OS_API_Init                                       StateOS/nasa-osal/osapi.o
OS_BinSemCreate                                   StateOS/nasa-osal/osapi.o
OS_BinSemDelete                                   StateOS/nasa-osal/osapi.o
OS_BinSemFlush                                    StateOS/nasa-osal/osapi.o
OS_BinSemGetIdByName                              StateOS/nasa-osal/osapi.o
OS_BinSemGetInfo                                  StateOS/nasa-osal/osapi.o
OS_BinSemGive                                     StateOS/nasa-osal/osapi.o
OS_BinSemTake                                     StateOS/nasa-osal/osapi.o
OS_BinSemTimedWait                                StateOS/nasa-osal/osapi.o
OS_CountSemCreate                                 StateOS/nasa-osal/osapi.o
OS_CountSemDelete                                 StateOS/nasa-osal/osapi.o
OS_CountSemGetIdByName                            StateOS/nasa-osal/osapi.o
OS_CountSemGetInfo                                StateOS/nasa-osal/osapi.o
OS_CountSemGive                                   StateOS/nasa-osal/osapi.o
OS_CountSemTake                                   StateOS/nasa-osal/osapi.o
OS_CountSemTimedWait                              StateOS/nasa-osal/osapi.o
OS_ExcAttachHandler                               StateOS/nasa-osal/osapi.o
OS_ExcDisable                                     StateOS/nasa-osal/osapi.o
OS_ExcEnable                                      StateOS/nasa-osal/osapi.o
OS_FPUExcAttachHandler                            StateOS/nasa-osal/osapi.o
OS_FPUExcDisable                                  StateOS/nasa-osal/osapi.o
OS_FPUExcEnable                                   StateOS/nasa-osal/osapi.o
OS_FPUExcGetMask                                  StateOS/nasa-osal/osapi.o
OS_FPUExcSetMask                                  StateOS/nasa-osal/osapi.o
OS_GetErrorName                                   StateOS/nasa-osal/osapi.o
OS_GetLocalTime                                   StateOS/nasa-osal/osapi.o
OS_HeapGetInfo                                    StateOS/nasa-osal/osapi.o
OS_IntAck                                         StateOS/nasa-osal/osapi.o
OS_IntAttachHandler                               StateOS/nasa-osal/osapi.o
OS_IntDisable                                     StateOS/nasa-osal/osapi.o
OS_IntEnable                                      StateOS/nasa-osal/osapi.o
OS_IntGetMask                                     StateOS/nasa-osal/osapi.o
OS_IntLock                                        StateOS/nasa-osal/osapi.o
OS_IntSetMask                                     StateOS/nasa-osal/osapi.o
OS_IntUnlock                                      StateOS/nasa-osal/osapi.o
OS_Milli2Ticks                                    StateOS/nasa-osal/osapi.o
OS_MutSemCreate                                   StateOS/nasa-osal/osapi.o
OS_MutSemDelete                                   StateOS/nasa-osal/osapi.o
OS_MutSemGetIdByName                              StateOS/nasa-osal/osapi.o
OS_MutSemGetInfo                                  StateOS/nasa-osal/osapi.o
OS_MutSemGive                                     StateOS/nasa-osal/osapi.o
OS_MutSemTake                                     StateOS/nasa-osal/osapi.o
OS_QueueCreate                                    StateOS/nasa-osal/osapi.o
OS_QueueDelete                                    StateOS/nasa-osal/osapi.o
OS_QueueGet                                       StateOS/nasa-osal/osapi.o
OS_QueueGetIdByName                               StateOS/nasa-osal/osapi.o
OS_QueueGetInfo                                   StateOS/nasa-osal/osapi.o
OS_QueuePut                                       StateOS/nasa-osal/osapi.o
OS_SetLocalTime                                   StateOS/nasa-osal/osapi.o
OS_ShMemAttach                                    StateOS/nasa-osal/osapi.o
OS_ShMemCreate                                    StateOS/nasa-osal/osapi.o
OS_ShMemGetIdByName                               StateOS/nasa-osal/osapi.o
OS_ShMemInit                                      StateOS/nasa-osal/osapi.o
OS_ShMemSemGive                                   StateOS/nasa-osal/osapi.o
OS_ShMemSemTake                                   StateOS/nasa-osal/osapi.o
OS_TaskCreate                                     StateOS/nasa-osal/osapi.o
OS_TaskDelay                                      StateOS/nasa-osal/osapi.o
OS_TaskDelete                                     StateOS/nasa-osal/osapi.o
OS_TaskExit                                       StateOS/nasa-osal/osapi.o
OS_TaskGetId                                      StateOS/nasa-osal/osapi.o
OS_TaskGetIdByName                                StateOS/nasa-osal/osapi.o
OS_TaskGetInfo                                    StateOS/nasa-osal/osapi.o
OS_TaskInstallDeleteHandler                       StateOS/nasa-osal/osapi.o
OS_TaskRegister                                   StateOS/nasa-osal/osapi.o
OS_TaskSetPriority                                StateOS/nasa-osal/osapi.o
OS_Tick2Micros                                    StateOS/nasa-osal/osapi.o
OS_TimerAPIInit                                   StateOS/nasa-osal/osapi.o
OS_TimerCreate                                    StateOS/nasa-osal/osapi.o
OS_TimerDelete                                    StateOS/nasa-osal/osapi.o
OS_TimerGetIdByName                               StateOS/nasa-osal/osapi.o
OS_TimerGetInfo                                   StateOS/nasa-osal/osapi.o
OS_TimerSet                                       StateOS/nasa-osal/osapi.o
OS_printf                                         StateOS/nasa-osal/osapi.o
OS_printf_disable                                 StateOS/nasa-osal/osapi.o
OS_printf_enable                                  StateOS/nasa-osal/osapi.o
OTG_FS_IRQHandler                                 startup/STM32F4/startup.o
OTG_FS_WKUP_IRQHandler                            startup/STM32F4/startup.o
OTG_HS_EP1_IN_IRQHandler                          startup/STM32F4/startup.o
OTG_HS_EP1_OUT_IRQHandler                         startup/STM32F4/startup.o
OTG_HS_IRQHandler                                 startup/STM32F4/startup.o
OTG_HS_WKUP_IRQHandler                            startup/STM32F4/startup.o
PVD_IRQHandler                                    startup/STM32F4/startup.o
PendSV_Handler                                    StateOS/kernel/GNUCC/oscore.o
QUADSPI_IRQHandler                                startup/STM32F4/startup.o
RCC_IRQHandler                                    startup/STM32F4/startup.o
RTC_Alarm_IRQHandler                              startup/STM32F4/startup.o
RTC_WKUP_IRQHandler                               startup/STM32F4/startup.o
Reset_Handler                                     startup/STM32F4/startup.o
SAI1_IRQHandler                                   startup/STM32F4/startup.o
SAI2_IRQHandler                                   startup/STM32F4/startup.o
SDIO_IRQHandler                                   startup/STM32F4/startup.o
SPDIF_RX_IRQHandler                               startup/STM32F4/startup.o
SPI1_IRQHandler                                   startup/STM32F4/startup.o
SPI2_IRQHandler                                   startup/STM32F4/startup.o
SPI3_IRQHandler                                   startup/STM32F4/startup.o
SPI4_IRQHandler                                   startup/STM32F4/startup.o
SPI5_IRQHandler                                   startup/STM32F4/startup.o
SPI6_IRQHandler                                   startup/STM32F4/startup.o
SVC_Handler                                       startup/STM32F4/startup.o
SysTick_Handler                                   StateOS/port/STM32F4/osport.o
System                                            StateOS/kernel/oskernel.o
                                                  src/main.o
                                                  StateOS/nasa-osal/osapi.o
                                                  StateOS/interface/src/os_tsk.o
                                                  StateOS/interface/src/os_mut.o
                                                  StateOS/interface/src/os_mtx.o
                                                  StateOS/interface/src/os_msg.o
                                                  StateOS/interface/src/os_mem.o
                                                  StateOS/interface/src/os_lst.o
                                                  StateOS/interface/src/os_flg.o
                                                  StateOS/interface/src/os_box.o
                                                  StateOS/cmsis-rtos/cmsis_os2.o
SystemCoreClock                                   startup/STM32F4/system_stm32f4xx.o
SystemInit                                        startup/STM32F4/system_stm32f4xx.o
                                                  startup/STM32F4/startup.o
TAMP_STAMP_IRQHandler                             startup/STM32F4/startup.o
TIM1_BRK_TIM9_IRQHandler                          startup/STM32F4/startup.o
TIM1_CC_IRQHandler                                startup/STM32F4/startup.o
TIM1_TRG_COM_TIM11_IRQHandler                     startup/STM32F4/startup.o
TIM1_UP_TIM10_IRQHandler                          startup/STM32F4/startup.o
TIM2_IRQHandler                                   StateOS/port/STM32F4/osport.o
TIM3_IRQHandler                                   startup/STM32F4/startup.o
TIM4_IRQHandler                                   startup/STM32F4/startup.o
TIM5_IRQHandler                                   startup/STM32F4/startup.o
TIM6_DAC_IRQHandler                               startup/STM32F4/startup.o
TIM7_IRQHandler                                   startup/STM32F4/startup.o
TIM8_BRK_TIM12_IRQHandler                         startup/STM32F4/startup.o
TIM8_CC_IRQHandler                                startup/STM32F4/startup.o
TIM8_TRG_COM_TIM14_IRQHandler                     startup/STM32F4/startup.o
TIM8_UP_TIM13_IRQHandler                          startup/STM32F4/startup.o
ThisTask::delay(unsigned int)                     src/main.o
ThisTask::detach()                                src/main.o
ThisTask::flip(void (*)())                        src/main.o
ThisTask::kill()                                  src/main.o
ThisTask::pass()                                  src/main.o
ThisTask::prio()                                  src/main.o
ThisTask::prio(unsigned int)                      src/main.o
ThisTask::sleep()                                 src/main.o
ThisTask::sleepFor(unsigned int)                  src/main.o
ThisTask::sleepUntil(unsigned int)                src/main.o
ThisTask::stop()                                  src/main.o
ThisTask::suspend()                               src/main.o
ThisTask::wait(unsigned int)                      src/main.o
ThisTask::waitFor(unsigned int, unsigned int)     src/main.o
ThisTask::waitUntil(unsigned int, unsigned int)   src/main.o
ThisTask::yield()                                 src/main.o
ThisTimer::delayISR(unsigned int)                 src/main.o
ThisTimer::flipISR(void (*)())                    src/main.o
UART4_IRQHandler                                  startup/STM32F4/startup.o
UART5_IRQHandler                                  startup/STM32F4/startup.o
UART7_IRQHandler                                  startup/STM32F4/startup.o
UART8_IRQHandler                                  startup/STM32F4/startup.o
USART1_IRQHandler                                 startup/STM32F4/startup.o
USART2_IRQHandler                                 startup/STM32F4/startup.o
USART3_IRQHandler                                 startup/STM32F4/startup.o
USART6_IRQHandler                                 startup/STM32F4/startup.o
UsageFault_Handler                                startup/STM32F4/startup.o
WAIT                                              StateOS/kernel/oskernel.o
                                                  src/main.o
                                                  StateOS/nasa-osal/osapi.o
                                                  StateOS/interface/src/os_tsk.o
                                                  StateOS/cmsis-rtos/cmsis_os2.o
WWDG_IRQHandler                                   startup/STM32F4/startup.o
_Jv_RegisterClasses                               c:/sys/gcc/bin/../lib/gcc/arm-none-eabi/6.2.1/thumb/v7e-m/fpv4-sp/hard/crtbegin.o
__aeabi_atexit                                    c:/sys/gcc/bin/../lib/gcc/arm-none-eabi/6.2.1/../../../../arm-none-eabi/lib/thumb/v7e-m/fpv4-sp/hard\libstdc++_nano.a(atexit_arm.o)
                                                  src/main.o
__assert_func                                     StateOS/kernel/GNUCC/oslibc.o
__bss_end                                         startup/STM32F4/startup.o
__bss_end__                                       c:/sys/gcc/bin/../lib/gcc/arm-none-eabi/6.2.1/../../../../arm-none-eabi/lib/thumb/v7e-m/fpv4-sp/hard/crt0.o
__bss_start                                       startup/STM32F4/startup.o
__bss_start__                                     c:/sys/gcc/bin/../lib/gcc/arm-none-eabi/6.2.1/../../../../arm-none-eabi/lib/thumb/v7e-m/fpv4-sp/hard/crt0.o
__call_exitprocs                                  c:/sys/gcc/bin/../lib/gcc/arm-none-eabi/6.2.1/../../../../arm-none-eabi/lib/thumb/v7e-m/fpv4-sp/hard\libc_nano.a(lib_a-exit.o)
__cxa_atexit                                      c:/sys/gcc/bin/../lib/gcc/arm-none-eabi/6.2.1/../../../../arm-none-eabi/lib/thumb/v7e-m/fpv4-sp/hard\libc_nano.a(lib_a-cxa_atexit.o)
                                                  c:/sys/gcc/bin/../lib/gcc/arm-none-eabi/6.2.1/../../../../arm-none-eabi/lib/thumb/v7e-m/fpv4-sp/hard\libstdc++_nano.a(atexit_arm.o)
__cxa_atexit_dummy                                c:/sys/gcc/bin/../lib/gcc/arm-none-eabi/6.2.1/../../../../arm-none-eabi/lib/thumb/v7e-m/fpv4-sp/hard\libc_nano.a(lib_a-cxa_atexit.o)
__data_end                                        startup/STM32F4/startup.o
__data_init_start                                 startup/STM32F4/startup.o
__data_start                                      startup/STM32F4/startup.o
__deregister_frame_info                           c:/sys/gcc/bin/../lib/gcc/arm-none-eabi/6.2.1/thumb/v7e-m/fpv4-sp/hard/crtbegin.o
__dso_handle                                      c:/sys/gcc/bin/../lib/gcc/arm-none-eabi/6.2.1/thumb/v7e-m/fpv4-sp/hard/crtbegin.o
                                                  src/main.o
__errno                                           c:/sys/gcc/bin/../lib/gcc/arm-none-eabi/6.2.1/../../../../arm-none-eabi/lib/thumb/v7e-m/fpv4-sp/hard\libc_nano.a(lib_a-errno.o)
                                                  StateOS/kernel/GNUCC/oslibc.o
__fini_array_end                                  c:/sys/gcc/bin/../lib/gcc/arm-none-eabi/6.2.1/../../../../arm-none-eabi/lib/thumb/v7e-m/fpv4-sp/hard\libc_nano.a(lib_a-fini.o)
__fini_array_start                                c:/sys/gcc/bin/../lib/gcc/arm-none-eabi/6.2.1/../../../../arm-none-eabi/lib/thumb/v7e-m/fpv4-sp/hard\libc_nano.a(lib_a-fini.o)
__fp_lock_all                                     c:/sys/gcc/bin/../lib/gcc/arm-none-eabi/6.2.1/../../../../arm-none-eabi/lib/thumb/v7e-m/fpv4-sp/hard\libc_nano.a(lib_a-findfp.o)
__fp_unlock_all                                   c:/sys/gcc/bin/../lib/gcc/arm-none-eabi/6.2.1/../../../../arm-none-eabi/lib/thumb/v7e-m/fpv4-sp/hard\libc_nano.a(lib_a-findfp.o)
__heap_end                                        StateOS/kernel/GNUCC/oslibc.o
__heap_start                                      StateOS/kernel/GNUCC/oslibc.o
__init_array_end                                  c:/sys/gcc/bin/../lib/gcc/arm-none-eabi/6.2.1/../../../../arm-none-eabi/lib/thumb/v7e-m/fpv4-sp/hard\libc_nano.a(lib_a-init.o)
__init_array_start                                c:/sys/gcc/bin/../lib/gcc/arm-none-eabi/6.2.1/../../../../arm-none-eabi/lib/thumb/v7e-m/fpv4-sp/hard\libc_nano.a(lib_a-init.o)
__initial_msp                                     startup/STM32F4/startup.o
__initial_sp                                      StateOS/kernel/oskernel.o
__libc_fini_array                                 c:/sys/gcc/bin/../lib/gcc/arm-none-eabi/6.2.1/../../../../arm-none-eabi/lib/thumb/v7e-m/fpv4-sp/hard\libc_nano.a(lib_a-fini.o)
                                                  startup/STM32F4/startup.o
                                                  c:/sys/gcc/bin/../lib/gcc/arm-none-eabi/6.2.1/../../../../arm-none-eabi/lib/thumb/v7e-m/fpv4-sp/hard/crt0.o
__libc_init_array                                 c:/sys/gcc/bin/../lib/gcc/arm-none-eabi/6.2.1/../../../../arm-none-eabi/lib/thumb/v7e-m/fpv4-sp/hard\libc_nano.a(lib_a-init.o)
                                                  startup/STM32F4/startup.o
                                                  c:/sys/gcc/bin/../lib/gcc/arm-none-eabi/6.2.1/../../../../arm-none-eabi/lib/thumb/v7e-m/fpv4-sp/hard/crt0.o
__malloc_free_list                                c:/sys/gcc/bin/../lib/gcc/arm-none-eabi/6.2.1/../../../../arm-none-eabi/lib/thumb/v7e-m/fpv4-sp/hard\libc_nano.a(lib_a-nano-mallocr.o)
                                                  c:/sys/gcc/bin/../lib/gcc/arm-none-eabi/6.2.1/../../../../arm-none-eabi/lib/thumb/v7e-m/fpv4-sp/hard\libc_nano.a(lib_a-nano-freer.o)
__malloc_lock                                     StateOS/kernel/GNUCC/oslibc.o
                                                  c:/sys/gcc/bin/../lib/gcc/arm-none-eabi/6.2.1/../../../../arm-none-eabi/lib/thumb/v7e-m/fpv4-sp/hard\libc_nano.a(lib_a-nano-mallocr.o)
                                                  c:/sys/gcc/bin/../lib/gcc/arm-none-eabi/6.2.1/../../../../arm-none-eabi/lib/thumb/v7e-m/fpv4-sp/hard\libc_nano.a(lib_a-nano-freer.o)
__malloc_sbrk_start                               c:/sys/gcc/bin/../lib/gcc/arm-none-eabi/6.2.1/../../../../arm-none-eabi/lib/thumb/v7e-m/fpv4-sp/hard\libc_nano.a(lib_a-nano-mallocr.o)
__malloc_unlock                                   StateOS/kernel/GNUCC/oslibc.o
                                                  c:/sys/gcc/bin/../lib/gcc/arm-none-eabi/6.2.1/../../../../arm-none-eabi/lib/thumb/v7e-m/fpv4-sp/hard\libc_nano.a(lib_a-nano-mallocr.o)
                                                  c:/sys/gcc/bin/../lib/gcc/arm-none-eabi/6.2.1/../../../../arm-none-eabi/lib/thumb/v7e-m/fpv4-sp/hard\libc_nano.a(lib_a-nano-freer.o)
__on_exit_args                                    c:/sys/gcc/bin/../lib/gcc/arm-none-eabi/6.2.1/../../../../arm-none-eabi/lib/thumb/v7e-m/fpv4-sp/hard\libc_nano.a(lib_a-on_exit_args.o)
                                                  c:/sys/gcc/bin/../lib/gcc/arm-none-eabi/6.2.1/../../../../arm-none-eabi/lib/thumb/v7e-m/fpv4-sp/hard\libc_nano.a(lib_a-cxa_atexit.o)
__preinit_array_end                               c:/sys/gcc/bin/../lib/gcc/arm-none-eabi/6.2.1/../../../../arm-none-eabi/lib/thumb/v7e-m/fpv4-sp/hard\libc_nano.a(lib_a-init.o)
__preinit_array_start                             c:/sys/gcc/bin/../lib/gcc/arm-none-eabi/6.2.1/../../../../arm-none-eabi/lib/thumb/v7e-m/fpv4-sp/hard\libc_nano.a(lib_a-init.o)
__register_exitproc                               c:/sys/gcc/bin/../lib/gcc/arm-none-eabi/6.2.1/../../../../arm-none-eabi/lib/thumb/v7e-m/fpv4-sp/hard\libc_nano.a(lib_a-cxa_atexit.o)
__register_frame_info                             c:/sys/gcc/bin/../lib/gcc/arm-none-eabi/6.2.1/thumb/v7e-m/fpv4-sp/hard/crtbegin.o
__sclose                                          c:/sys/gcc/bin/../lib/gcc/arm-none-eabi/6.2.1/../../../../arm-none-eabi/lib/thumb/v7e-m/fpv4-sp/hard\libc_nano.a(lib_a-stdio.o)
                                                  c:/sys/gcc/bin/../lib/gcc/arm-none-eabi/6.2.1/../../../../arm-none-eabi/lib/thumb/v7e-m/fpv4-sp/hard\libc_nano.a(lib_a-findfp.o)
__seofread                                        c:/sys/gcc/bin/../lib/gcc/arm-none-eabi/6.2.1/../../../../arm-none-eabi/lib/thumb/v7e-m/fpv4-sp/hard\libc_nano.a(lib_a-stdio.o)
__sf_fake_stderr                                  c:/sys/gcc/bin/../lib/gcc/arm-none-eabi/6.2.1/../../../../arm-none-eabi/lib/thumb/v7e-m/fpv4-sp/hard\libc_nano.a(lib_a-findfp.o)
                                                  c:/sys/gcc/bin/../lib/gcc/arm-none-eabi/6.2.1/../../../../arm-none-eabi/lib/thumb/v7e-m/fpv4-sp/hard\libc_nano.a(lib_a-fflush.o)
                                                  c:/sys/gcc/bin/../lib/gcc/arm-none-eabi/6.2.1/../../../../arm-none-eabi/lib/thumb/v7e-m/fpv4-sp/hard\libc_nano.a(lib_a-wsetup.o)
                                                  c:/sys/gcc/bin/../lib/gcc/arm-none-eabi/6.2.1/../../../../arm-none-eabi/lib/thumb/v7e-m/fpv4-sp/hard\libc_nano.a(lib_a-wbuf.o)
                                                  c:/sys/gcc/bin/../lib/gcc/arm-none-eabi/6.2.1/../../../../arm-none-eabi/lib/thumb/v7e-m/fpv4-sp/hard\libc_nano.a(lib_a-nano-vfprintf.o)
                                                  c:/sys/gcc/bin/../lib/gcc/arm-none-eabi/6.2.1/../../../../arm-none-eabi/lib/thumb/v7e-m/fpv4-sp/hard\libc_nano.a(lib_a-impure.o)
__sf_fake_stdin                                   c:/sys/gcc/bin/../lib/gcc/arm-none-eabi/6.2.1/../../../../arm-none-eabi/lib/thumb/v7e-m/fpv4-sp/hard\libc_nano.a(lib_a-findfp.o)
                                                  c:/sys/gcc/bin/../lib/gcc/arm-none-eabi/6.2.1/../../../../arm-none-eabi/lib/thumb/v7e-m/fpv4-sp/hard\libc_nano.a(lib_a-fflush.o)
                                                  c:/sys/gcc/bin/../lib/gcc/arm-none-eabi/6.2.1/../../../../arm-none-eabi/lib/thumb/v7e-m/fpv4-sp/hard\libc_nano.a(lib_a-wsetup.o)
                                                  c:/sys/gcc/bin/../lib/gcc/arm-none-eabi/6.2.1/../../../../arm-none-eabi/lib/thumb/v7e-m/fpv4-sp/hard\libc_nano.a(lib_a-wbuf.o)
                                                  c:/sys/gcc/bin/../lib/gcc/arm-none-eabi/6.2.1/../../../../arm-none-eabi/lib/thumb/v7e-m/fpv4-sp/hard\libc_nano.a(lib_a-nano-vfprintf.o)
                                                  c:/sys/gcc/bin/../lib/gcc/arm-none-eabi/6.2.1/../../../../arm-none-eabi/lib/thumb/v7e-m/fpv4-sp/hard\libc_nano.a(lib_a-impure.o)
__sf_fake_stdout                                  c:/sys/gcc/bin/../lib/gcc/arm-none-eabi/6.2.1/../../../../arm-none-eabi/lib/thumb/v7e-m/fpv4-sp/hard\libc_nano.a(lib_a-findfp.o)
                                                  c:/sys/gcc/bin/../lib/gcc/arm-none-eabi/6.2.1/../../../../arm-none-eabi/lib/thumb/v7e-m/fpv4-sp/hard\libc_nano.a(lib_a-fflush.o)
                                                  c:/sys/gcc/bin/../lib/gcc/arm-none-eabi/6.2.1/../../../../arm-none-eabi/lib/thumb/v7e-m/fpv4-sp/hard\libc_nano.a(lib_a-wsetup.o)
                                                  c:/sys/gcc/bin/../lib/gcc/arm-none-eabi/6.2.1/../../../../arm-none-eabi/lib/thumb/v7e-m/fpv4-sp/hard\libc_nano.a(lib_a-wbuf.o)
                                                  c:/sys/gcc/bin/../lib/gcc/arm-none-eabi/6.2.1/../../../../arm-none-eabi/lib/thumb/v7e-m/fpv4-sp/hard\libc_nano.a(lib_a-nano-vfprintf.o)
                                                  c:/sys/gcc/bin/../lib/gcc/arm-none-eabi/6.2.1/../../../../arm-none-eabi/lib/thumb/v7e-m/fpv4-sp/hard\libc_nano.a(lib_a-impure.o)
__sflush_r                                        c:/sys/gcc/bin/../lib/gcc/arm-none-eabi/6.2.1/../../../../arm-none-eabi/lib/thumb/v7e-m/fpv4-sp/hard\libc_nano.a(lib_a-fflush.o)
__sfmoreglue                                      c:/sys/gcc/bin/../lib/gcc/arm-none-eabi/6.2.1/../../../../arm-none-eabi/lib/thumb/v7e-m/fpv4-sp/hard\libc_nano.a(lib_a-findfp.o)
__sfp                                             c:/sys/gcc/bin/../lib/gcc/arm-none-eabi/6.2.1/../../../../arm-none-eabi/lib/thumb/v7e-m/fpv4-sp/hard\libc_nano.a(lib_a-findfp.o)
__sfp_lock_acquire                                c:/sys/gcc/bin/../lib/gcc/arm-none-eabi/6.2.1/../../../../arm-none-eabi/lib/thumb/v7e-m/fpv4-sp/hard\libc_nano.a(lib_a-findfp.o)
__sfp_lock_release                                c:/sys/gcc/bin/../lib/gcc/arm-none-eabi/6.2.1/../../../../arm-none-eabi/lib/thumb/v7e-m/fpv4-sp/hard\libc_nano.a(lib_a-findfp.o)
__sfputs_r                                        c:/sys/gcc/bin/../lib/gcc/arm-none-eabi/6.2.1/../../../../arm-none-eabi/lib/thumb/v7e-m/fpv4-sp/hard\libc_nano.a(lib_a-nano-vfprintf.o)
__sfvwrite_r                                      c:/sys/gcc/bin/../lib/gcc/arm-none-eabi/6.2.1/../../../../arm-none-eabi/lib/thumb/v7e-m/fpv4-sp/hard\libc_nano.a(lib_a-fvwrite.o)
                                                  c:/sys/gcc/bin/../lib/gcc/arm-none-eabi/6.2.1/../../../../arm-none-eabi/lib/thumb/v7e-m/fpv4-sp/hard\libc_nano.a(lib_a-nano-vfprintf.o)
__sigtramp                                        c:/sys/gcc/bin/../lib/gcc/arm-none-eabi/6.2.1/../../../../arm-none-eabi/lib/thumb/v7e-m/fpv4-sp/hard\libc_nano.a(lib_a-signal.o)
__sigtramp_r                                      c:/sys/gcc/bin/../lib/gcc/arm-none-eabi/6.2.1/../../../../arm-none-eabi/lib/thumb/v7e-m/fpv4-sp/hard\libc_nano.a(lib_a-signal.o)
__sinit                                           c:/sys/gcc/bin/../lib/gcc/arm-none-eabi/6.2.1/../../../../arm-none-eabi/lib/thumb/v7e-m/fpv4-sp/hard\libc_nano.a(lib_a-findfp.o)
                                                  c:/sys/gcc/bin/../lib/gcc/arm-none-eabi/6.2.1/../../../../arm-none-eabi/lib/thumb/v7e-m/fpv4-sp/hard\libc_nano.a(lib_a-fflush.o)
                                                  c:/sys/gcc/bin/../lib/gcc/arm-none-eabi/6.2.1/../../../../arm-none-eabi/lib/thumb/v7e-m/fpv4-sp/hard\libc_nano.a(lib_a-wsetup.o)
                                                  c:/sys/gcc/bin/../lib/gcc/arm-none-eabi/6.2.1/../../../../arm-none-eabi/lib/thumb/v7e-m/fpv4-sp/hard\libc_nano.a(lib_a-wbuf.o)
                                                  c:/sys/gcc/bin/../lib/gcc/arm-none-eabi/6.2.1/../../../../arm-none-eabi/lib/thumb/v7e-m/fpv4-sp/hard\libc_nano.a(lib_a-nano-vfprintf.o)
                                                  c:/sys/gcc/bin/../lib/gcc/arm-none-eabi/6.2.1/../../../../arm-none-eabi/lib/thumb/v7e-m/fpv4-sp/hard\libc_nano.a(lib_a-printf.o)
__sinit_lock_acquire                              c:/sys/gcc/bin/../lib/gcc/arm-none-eabi/6.2.1/../../../../arm-none-eabi/lib/thumb/v7e-m/fpv4-sp/hard\libc_nano.a(lib_a-findfp.o)
__sinit_lock_release                              c:/sys/gcc/bin/../lib/gcc/arm-none-eabi/6.2.1/../../../../arm-none-eabi/lib/thumb/v7e-m/fpv4-sp/hard\libc_nano.a(lib_a-findfp.o)
__smakebuf_r                                      c:/sys/gcc/bin/../lib/gcc/arm-none-eabi/6.2.1/../../../../arm-none-eabi/lib/thumb/v7e-m/fpv4-sp/hard\libc_nano.a(lib_a-makebuf.o)
                                                  c:/sys/gcc/bin/../lib/gcc/arm-none-eabi/6.2.1/../../../../arm-none-eabi/lib/thumb/v7e-m/fpv4-sp/hard\libc_nano.a(lib_a-wsetup.o)
__sprint_r                                        c:/sys/gcc/bin/../lib/gcc/arm-none-eabi/6.2.1/../../../../arm-none-eabi/lib/thumb/v7e-m/fpv4-sp/hard\libc_nano.a(lib_a-nano-vfprintf.o)
__sread                                           c:/sys/gcc/bin/../lib/gcc/arm-none-eabi/6.2.1/../../../../arm-none-eabi/lib/thumb/v7e-m/fpv4-sp/hard\libc_nano.a(lib_a-stdio.o)
                                                  c:/sys/gcc/bin/../lib/gcc/arm-none-eabi/6.2.1/../../../../arm-none-eabi/lib/thumb/v7e-m/fpv4-sp/hard\libc_nano.a(lib_a-findfp.o)
__sseek                                           c:/sys/gcc/bin/../lib/gcc/arm-none-eabi/6.2.1/../../../../arm-none-eabi/lib/thumb/v7e-m/fpv4-sp/hard\libc_nano.a(lib_a-stdio.o)
                                                  c:/sys/gcc/bin/../lib/gcc/arm-none-eabi/6.2.1/../../../../arm-none-eabi/lib/thumb/v7e-m/fpv4-sp/hard\libc_nano.a(lib_a-findfp.o)
__stack                                           c:/sys/gcc/bin/../lib/gcc/arm-none-eabi/6.2.1/../../../../arm-none-eabi/lib/thumb/v7e-m/fpv4-sp/hard/crt0.o
__swbuf                                           c:/sys/gcc/bin/../lib/gcc/arm-none-eabi/6.2.1/../../../../arm-none-eabi/lib/thumb/v7e-m/fpv4-sp/hard\libc_nano.a(lib_a-wbuf.o)
__swbuf_r                                         c:/sys/gcc/bin/../lib/gcc/arm-none-eabi/6.2.1/../../../../arm-none-eabi/lib/thumb/v7e-m/fpv4-sp/hard\libc_nano.a(lib_a-wbuf.o)
                                                  c:/sys/gcc/bin/../lib/gcc/arm-none-eabi/6.2.1/../../../../arm-none-eabi/lib/thumb/v7e-m/fpv4-sp/hard\libc_nano.a(lib_a-nano-vfprintf.o)
__swhatbuf_r                                      c:/sys/gcc/bin/../lib/gcc/arm-none-eabi/6.2.1/../../../../arm-none-eabi/lib/thumb/v7e-m/fpv4-sp/hard\libc_nano.a(lib_a-makebuf.o)
__swrite                                          c:/sys/gcc/bin/../lib/gcc/arm-none-eabi/6.2.1/../../../../arm-none-eabi/lib/thumb/v7e-m/fpv4-sp/hard\libc_nano.a(lib_a-stdio.o)
                                                  c:/sys/gcc/bin/../lib/gcc/arm-none-eabi/6.2.1/../../../../arm-none-eabi/lib/thumb/v7e-m/fpv4-sp/hard\libc_nano.a(lib_a-findfp.o)
__swsetup_r                                       c:/sys/gcc/bin/../lib/gcc/arm-none-eabi/6.2.1/../../../../arm-none-eabi/lib/thumb/v7e-m/fpv4-sp/hard\libc_nano.a(lib_a-wsetup.o)
                                                  c:/sys/gcc/bin/../lib/gcc/arm-none-eabi/6.2.1/../../../../arm-none-eabi/lib/thumb/v7e-m/fpv4-sp/hard\libc_nano.a(lib_a-fvwrite.o)
                                                  c:/sys/gcc/bin/../lib/gcc/arm-none-eabi/6.2.1/../../../../arm-none-eabi/lib/thumb/v7e-m/fpv4-sp/hard\libc_nano.a(lib_a-wbuf.o)
                                                  c:/sys/gcc/bin/../lib/gcc/arm-none-eabi/6.2.1/../../../../arm-none-eabi/lib/thumb/v7e-m/fpv4-sp/hard\libc_nano.a(lib_a-nano-vfprintf.o)
_cleanup                                          c:/sys/gcc/bin/../lib/gcc/arm-none-eabi/6.2.1/../../../../arm-none-eabi/lib/thumb/v7e-m/fpv4-sp/hard\libc_nano.a(lib_a-findfp.o)
_cleanup_r                                        c:/sys/gcc/bin/../lib/gcc/arm-none-eabi/6.2.1/../../../../arm-none-eabi/lib/thumb/v7e-m/fpv4-sp/hard\libc_nano.a(lib_a-findfp.o)
                                                  c:/sys/gcc/bin/../lib/gcc/arm-none-eabi/6.2.1/../../../../arm-none-eabi/lib/thumb/v7e-m/fpv4-sp/hard\libc_nano.a(lib_a-makebuf.o)
_close_r                                          StateOS/kernel/GNUCC/oslibc.o
                                                  c:/sys/gcc/bin/../lib/gcc/arm-none-eabi/6.2.1/../../../../arm-none-eabi/lib/thumb/v7e-m/fpv4-sp/hard\libc_nano.a(lib_a-stdio.o)
_exit                                             startup/STM32F4/startup.o
                                                  c:/sys/gcc/bin/../lib/gcc/arm-none-eabi/6.2.1/../../../../arm-none-eabi/lib/thumb/v7e-m/fpv4-sp/hard\libc_nano.a(lib_a-exit.o)
                                                  c:/sys/gcc/bin/../lib/gcc/arm-none-eabi/6.2.1/../../../../arm-none-eabi/lib/thumb/v7e-m/fpv4-sp/hard\libc_nano.a(lib_a-abort.o)
_fflush_r                                         c:/sys/gcc/bin/../lib/gcc/arm-none-eabi/6.2.1/../../../../arm-none-eabi/lib/thumb/v7e-m/fpv4-sp/hard\libc_nano.a(lib_a-fflush.o)
                                                  c:/sys/gcc/bin/../lib/gcc/arm-none-eabi/6.2.1/../../../../arm-none-eabi/lib/thumb/v7e-m/fpv4-sp/hard\libc_nano.a(lib_a-fvwrite.o)
                                                  c:/sys/gcc/bin/../lib/gcc/arm-none-eabi/6.2.1/../../../../arm-none-eabi/lib/thumb/v7e-m/fpv4-sp/hard\libc_nano.a(lib_a-wbuf.o)
                                                  c:/sys/gcc/bin/../lib/gcc/arm-none-eabi/6.2.1/../../../../arm-none-eabi/lib/thumb/v7e-m/fpv4-sp/hard\libc_nano.a(lib_a-findfp.o)
_fini                                             c:/sys/gcc/bin/../lib/gcc/arm-none-eabi/6.2.1/thumb/v7e-m/fpv4-sp/hard/crti.o
                                                  c:/sys/gcc/bin/../lib/gcc/arm-none-eabi/6.2.1/../../../../arm-none-eabi/lib/thumb/v7e-m/fpv4-sp/hard\libc_nano.a(lib_a-fini.o)
_free_r                                           c:/sys/gcc/bin/../lib/gcc/arm-none-eabi/6.2.1/../../../../arm-none-eabi/lib/thumb/v7e-m/fpv4-sp/hard\libc_nano.a(lib_a-nano-freer.o)
                                                  c:/sys/gcc/bin/../lib/gcc/arm-none-eabi/6.2.1/../../../../arm-none-eabi/lib/thumb/v7e-m/fpv4-sp/hard\libc_nano.a(lib_a-nano-reallocr.o)
                                                  c:/sys/gcc/bin/../lib/gcc/arm-none-eabi/6.2.1/../../../../arm-none-eabi/lib/thumb/v7e-m/fpv4-sp/hard\libc_nano.a(lib_a-fvwrite.o)
                                                  c:/sys/gcc/bin/../lib/gcc/arm-none-eabi/6.2.1/../../../../arm-none-eabi/lib/thumb/v7e-m/fpv4-sp/hard\libc_nano.a(lib_a-fflush.o)
                                                  c:/sys/gcc/bin/../lib/gcc/arm-none-eabi/6.2.1/../../../../arm-none-eabi/lib/thumb/v7e-m/fpv4-sp/hard\libc_nano.a(lib_a-wsetup.o)
                                                  c:/sys/gcc/bin/../lib/gcc/arm-none-eabi/6.2.1/../../../../arm-none-eabi/lib/thumb/v7e-m/fpv4-sp/hard\libc_nano.a(lib_a-malloc.o)
_fstat_r                                          StateOS/kernel/GNUCC/oslibc.o
                                                  c:/sys/gcc/bin/../lib/gcc/arm-none-eabi/6.2.1/../../../../arm-none-eabi/lib/thumb/v7e-m/fpv4-sp/hard\libc_nano.a(lib_a-makebuf.o)
_fwalk                                            c:/sys/gcc/bin/../lib/gcc/arm-none-eabi/6.2.1/../../../../arm-none-eabi/lib/thumb/v7e-m/fpv4-sp/hard\libc_nano.a(lib_a-fwalk.o)
                                                  c:/sys/gcc/bin/../lib/gcc/arm-none-eabi/6.2.1/../../../../arm-none-eabi/lib/thumb/v7e-m/fpv4-sp/hard\libc_nano.a(lib_a-findfp.o)
_fwalk_reent                                      c:/sys/gcc/bin/../lib/gcc/arm-none-eabi/6.2.1/../../../../arm-none-eabi/lib/thumb/v7e-m/fpv4-sp/hard\libc_nano.a(lib_a-fwalk.o)
                                                  c:/sys/gcc/bin/../lib/gcc/arm-none-eabi/6.2.1/../../../../arm-none-eabi/lib/thumb/v7e-m/fpv4-sp/hard\libc_nano.a(lib_a-fflush.o)
                                                  c:/sys/gcc/bin/../lib/gcc/arm-none-eabi/6.2.1/../../../../arm-none-eabi/lib/thumb/v7e-m/fpv4-sp/hard\libc_nano.a(lib_a-findfp.o)
_getpid_r                                         StateOS/kernel/GNUCC/oslibc.o
                                                  c:/sys/gcc/bin/../lib/gcc/arm-none-eabi/6.2.1/../../../../arm-none-eabi/lib/thumb/v7e-m/fpv4-sp/hard\libc_nano.a(lib_a-signal.o)
_global_impure_ptr                                c:/sys/gcc/bin/../lib/gcc/arm-none-eabi/6.2.1/../../../../arm-none-eabi/lib/thumb/v7e-m/fpv4-sp/hard\libc_nano.a(lib_a-impure.o)
                                                  c:/sys/gcc/bin/../lib/gcc/arm-none-eabi/6.2.1/../../../../arm-none-eabi/lib/thumb/v7e-m/fpv4-sp/hard\libc_nano.a(lib_a-fflush.o)
                                                  c:/sys/gcc/bin/../lib/gcc/arm-none-eabi/6.2.1/../../../../arm-none-eabi/lib/thumb/v7e-m/fpv4-sp/hard\libc_nano.a(lib_a-findfp.o)
                                                  c:/sys/gcc/bin/../lib/gcc/arm-none-eabi/6.2.1/../../../../arm-none-eabi/lib/thumb/v7e-m/fpv4-sp/hard\libc_nano.a(lib_a-exit.o)
_impure_ptr                                       c:/sys/gcc/bin/../lib/gcc/arm-none-eabi/6.2.1/../../../../arm-none-eabi/lib/thumb/v7e-m/fpv4-sp/hard\libc_nano.a(lib_a-impure.o)
                                                  c:/sys/gcc/bin/../lib/gcc/arm-none-eabi/6.2.1/../../../../arm-none-eabi/lib/thumb/v7e-m/fpv4-sp/hard\libc_nano.a(lib_a-fflush.o)
                                                  c:/sys/gcc/bin/../lib/gcc/arm-none-eabi/6.2.1/../../../../arm-none-eabi/lib/thumb/v7e-m/fpv4-sp/hard\libc_nano.a(lib_a-wsetup.o)
                                                  c:/sys/gcc/bin/../lib/gcc/arm-none-eabi/6.2.1/../../../../arm-none-eabi/lib/thumb/v7e-m/fpv4-sp/hard\libc_nano.a(lib_a-wbuf.o)
                                                  c:/sys/gcc/bin/../lib/gcc/arm-none-eabi/6.2.1/../../../../arm-none-eabi/lib/thumb/v7e-m/fpv4-sp/hard\libc_nano.a(lib_a-nano-vfprintf.o)
                                                  c:/sys/gcc/bin/../lib/gcc/arm-none-eabi/6.2.1/../../../../arm-none-eabi/lib/thumb/v7e-m/fpv4-sp/hard\libc_nano.a(lib_a-findfp.o)
                                                  c:/sys/gcc/bin/../lib/gcc/arm-none-eabi/6.2.1/../../../../arm-none-eabi/lib/thumb/v7e-m/fpv4-sp/hard\libc_nano.a(lib_a-signal.o)
                                                  c:/sys/gcc/bin/../lib/gcc/arm-none-eabi/6.2.1/../../../../arm-none-eabi/lib/thumb/v7e-m/fpv4-sp/hard\libc_nano.a(lib_a-printf.o)
                                                  c:/sys/gcc/bin/../lib/gcc/arm-none-eabi/6.2.1/../../../../arm-none-eabi/lib/thumb/v7e-m/fpv4-sp/hard\libc_nano.a(lib_a-malloc.o)
                                                  c:/sys/gcc/bin/../lib/gcc/arm-none-eabi/6.2.1/../../../../arm-none-eabi/lib/thumb/v7e-m/fpv4-sp/hard\libc_nano.a(lib_a-errno.o)
_init                                             c:/sys/gcc/bin/../lib/gcc/arm-none-eabi/6.2.1/thumb/v7e-m/fpv4-sp/hard/crti.o
                                                  c:/sys/gcc/bin/../lib/gcc/arm-none-eabi/6.2.1/../../../../arm-none-eabi/lib/thumb/v7e-m/fpv4-sp/hard\libc_nano.a(lib_a-init.o)
_init_signal                                      c:/sys/gcc/bin/../lib/gcc/arm-none-eabi/6.2.1/../../../../arm-none-eabi/lib/thumb/v7e-m/fpv4-sp/hard\libc_nano.a(lib_a-signal.o)
_init_signal_r                                    c:/sys/gcc/bin/../lib/gcc/arm-none-eabi/6.2.1/../../../../arm-none-eabi/lib/thumb/v7e-m/fpv4-sp/hard\libc_nano.a(lib_a-signal.o)
_iprintf_r                                        c:/sys/gcc/bin/../lib/gcc/arm-none-eabi/6.2.1/../../../../arm-none-eabi/lib/thumb/v7e-m/fpv4-sp/hard\libc_nano.a(lib_a-printf.o)
_isatty_r                                         StateOS/kernel/GNUCC/oslibc.o
                                                  c:/sys/gcc/bin/../lib/gcc/arm-none-eabi/6.2.1/../../../../arm-none-eabi/lib/thumb/v7e-m/fpv4-sp/hard\libc_nano.a(lib_a-makebuf.o)
_kill_r                                           StateOS/kernel/GNUCC/oslibc.o
                                                  c:/sys/gcc/bin/../lib/gcc/arm-none-eabi/6.2.1/../../../../arm-none-eabi/lib/thumb/v7e-m/fpv4-sp/hard\libc_nano.a(lib_a-signal.o)
_lseek_r                                          StateOS/kernel/GNUCC/oslibc.o
                                                  c:/sys/gcc/bin/../lib/gcc/arm-none-eabi/6.2.1/../../../../arm-none-eabi/lib/thumb/v7e-m/fpv4-sp/hard\libc_nano.a(lib_a-stdio.o)
_mainCRTStartup                                   c:/sys/gcc/bin/../lib/gcc/arm-none-eabi/6.2.1/../../../../arm-none-eabi/lib/thumb/v7e-m/fpv4-sp/hard/crt0.o
_malloc_r                                         c:/sys/gcc/bin/../lib/gcc/arm-none-eabi/6.2.1/../../../../arm-none-eabi/lib/thumb/v7e-m/fpv4-sp/hard\libc_nano.a(lib_a-nano-mallocr.o)
                                                  c:/sys/gcc/bin/../lib/gcc/arm-none-eabi/6.2.1/../../../../arm-none-eabi/lib/thumb/v7e-m/fpv4-sp/hard\libc_nano.a(lib_a-nano-reallocr.o)
                                                  c:/sys/gcc/bin/../lib/gcc/arm-none-eabi/6.2.1/../../../../arm-none-eabi/lib/thumb/v7e-m/fpv4-sp/hard\libc_nano.a(lib_a-makebuf.o)
                                                  c:/sys/gcc/bin/../lib/gcc/arm-none-eabi/6.2.1/../../../../arm-none-eabi/lib/thumb/v7e-m/fpv4-sp/hard\libc_nano.a(lib_a-fvwrite.o)
                                                  c:/sys/gcc/bin/../lib/gcc/arm-none-eabi/6.2.1/../../../../arm-none-eabi/lib/thumb/v7e-m/fpv4-sp/hard\libc_nano.a(lib_a-findfp.o)
                                                  c:/sys/gcc/bin/../lib/gcc/arm-none-eabi/6.2.1/../../../../arm-none-eabi/lib/thumb/v7e-m/fpv4-sp/hard\libc_nano.a(lib_a-signal.o)
                                                  c:/sys/gcc/bin/../lib/gcc/arm-none-eabi/6.2.1/../../../../arm-none-eabi/lib/thumb/v7e-m/fpv4-sp/hard\libc_nano.a(lib_a-malloc.o)
_malloc_usable_size_r                             c:/sys/gcc/bin/../lib/gcc/arm-none-eabi/6.2.1/../../../../arm-none-eabi/lib/thumb/v7e-m/fpv4-sp/hard\libc_nano.a(lib_a-nano-msizer.o)
                                                  c:/sys/gcc/bin/../lib/gcc/arm-none-eabi/6.2.1/../../../../arm-none-eabi/lib/thumb/v7e-m/fpv4-sp/hard\libc_nano.a(lib_a-nano-reallocr.o)
_open_r                                           StateOS/kernel/GNUCC/oslibc.o
_printf_common                                    c:/sys/gcc/bin/../lib/gcc/arm-none-eabi/6.2.1/../../../../arm-none-eabi/lib/thumb/v7e-m/fpv4-sp/hard\libc_nano.a(lib_a-nano-vfprintf_i.o)
_printf_float                                     c:/sys/gcc/bin/../lib/gcc/arm-none-eabi/6.2.1/../../../../arm-none-eabi/lib/thumb/v7e-m/fpv4-sp/hard\libc_nano.a(lib_a-nano-vfprintf.o)
_printf_i                                         c:/sys/gcc/bin/../lib/gcc/arm-none-eabi/6.2.1/../../../../arm-none-eabi/lib/thumb/v7e-m/fpv4-sp/hard\libc_nano.a(lib_a-nano-vfprintf_i.o)
                                                  c:/sys/gcc/bin/../lib/gcc/arm-none-eabi/6.2.1/../../../../arm-none-eabi/lib/thumb/v7e-m/fpv4-sp/hard\libc_nano.a(lib_a-nano-vfprintf.o)
_printf_r                                         c:/sys/gcc/bin/../lib/gcc/arm-none-eabi/6.2.1/../../../../arm-none-eabi/lib/thumb/v7e-m/fpv4-sp/hard\libc_nano.a(lib_a-printf.o)
_raise_r                                          c:/sys/gcc/bin/../lib/gcc/arm-none-eabi/6.2.1/../../../../arm-none-eabi/lib/thumb/v7e-m/fpv4-sp/hard\libc_nano.a(lib_a-signal.o)
_read_r                                           StateOS/kernel/GNUCC/oslibc.o
                                                  c:/sys/gcc/bin/../lib/gcc/arm-none-eabi/6.2.1/../../../../arm-none-eabi/lib/thumb/v7e-m/fpv4-sp/hard\libc_nano.a(lib_a-stdio.o)
_realloc_r                                        c:/sys/gcc/bin/../lib/gcc/arm-none-eabi/6.2.1/../../../../arm-none-eabi/lib/thumb/v7e-m/fpv4-sp/hard\libc_nano.a(lib_a-nano-reallocr.o)
                                                  c:/sys/gcc/bin/../lib/gcc/arm-none-eabi/6.2.1/../../../../arm-none-eabi/lib/thumb/v7e-m/fpv4-sp/hard\libc_nano.a(lib_a-fvwrite.o)
_sbrk_r                                           StateOS/kernel/GNUCC/oslibc.o
                                                  c:/sys/gcc/bin/../lib/gcc/arm-none-eabi/6.2.1/../../../../arm-none-eabi/lib/thumb/v7e-m/fpv4-sp/hard\libc_nano.a(lib_a-nano-mallocr.o)
_signal_r                                         c:/sys/gcc/bin/../lib/gcc/arm-none-eabi/6.2.1/../../../../arm-none-eabi/lib/thumb/v7e-m/fpv4-sp/hard\libc_nano.a(lib_a-signal.o)
_start                                            c:/sys/gcc/bin/../lib/gcc/arm-none-eabi/6.2.1/../../../../arm-none-eabi/lib/thumb/v7e-m/fpv4-sp/hard/crt0.o
_vfiprintf_r                                      c:/sys/gcc/bin/../lib/gcc/arm-none-eabi/6.2.1/../../../../arm-none-eabi/lib/thumb/v7e-m/fpv4-sp/hard\libc_nano.a(lib_a-nano-vfprintf.o)
_vfprintf_r                                       c:/sys/gcc/bin/../lib/gcc/arm-none-eabi/6.2.1/../../../../arm-none-eabi/lib/thumb/v7e-m/fpv4-sp/hard\libc_nano.a(lib_a-nano-vfprintf.o)
                                                  c:/sys/gcc/bin/../lib/gcc/arm-none-eabi/6.2.1/../../../../arm-none-eabi/lib/thumb/v7e-m/fpv4-sp/hard\libc_nano.a(lib_a-printf.o)
_write_r                                          StateOS/kernel/GNUCC/oslibc.o
                                                  c:/sys/gcc/bin/../lib/gcc/arm-none-eabi/6.2.1/../../../../arm-none-eabi/lib/thumb/v7e-m/fpv4-sp/hard\libc_nano.a(lib_a-stdio.o)
abort                                             c:/sys/gcc/bin/../lib/gcc/arm-none-eabi/6.2.1/../../../../arm-none-eabi/lib/thumb/v7e-m/fpv4-sp/hard\libc_nano.a(lib_a-abort.o)
                                                  StateOS/kernel/GNUCC/oslibc.o
atexit                                            c:/sys/gcc/bin/../lib/gcc/arm-none-eabi/6.2.1/../../../../arm-none-eabi/lib/thumb/v7e-m/fpv4-sp/hard/crt0.o
bar_create                                        StateOS/interface/src/os_bar.o
bar_init                                          StateOS/interface/src/os_bar.o
bar_kill                                          StateOS/interface/src/os_bar.o
bar_waitFor                                       StateOS/interface/src/os_bar.o
bar_waitUntil                                     StateOS/interface/src/os_bar.o
box_create                                        StateOS/interface/src/os_box.o
box_init                                          StateOS/interface/src/os_box.o
                                                  StateOS/nasa-osal/osapi.o
                                                  StateOS/cmsis-rtos/cmsis_os2.o
box_kill                                          StateOS/interface/src/os_box.o
                                                  StateOS/nasa-osal/osapi.o
                                                  StateOS/cmsis-rtos/cmsis_os2.o
box_sendFor                                       StateOS/interface/src/os_box.o
                                                  StateOS/nasa-osal/osapi.o
                                                  StateOS/cmsis-rtos/cmsis_os2.o
box_sendUntil                                     StateOS/interface/src/os_box.o
box_waitFor                                       StateOS/interface/src/os_box.o
                                                  StateOS/nasa-osal/osapi.o
                                                  StateOS/cmsis-rtos/cmsis_os2.o
box_waitUntil                                     StateOS/interface/src/os_box.o
cnd_create                                        StateOS/interface/src/os_cnd.o
cnd_give                                          StateOS/interface/src/os_cnd.o
cnd_init                                          StateOS/interface/src/os_cnd.o
cnd_kill                                          StateOS/interface/src/os_cnd.o
cnd_waitFor                                       StateOS/interface/src/os_cnd.o
cnd_waitUntil                                     StateOS/interface/src/os_cnd.o
core_all_wakeup                                   StateOS/kernel/oskernel.o
                                                  StateOS/interface/src/os_tsk.o
                                                  StateOS/interface/src/os_tmr.o
                                                  StateOS/interface/src/os_sig.o
                                                  StateOS/interface/src/os_sem.o
                                                  StateOS/interface/src/os_mut.o
                                                  StateOS/interface/src/os_mtx.o
                                                  StateOS/interface/src/os_msg.o
                                                  StateOS/interface/src/os_mem.o
                                                  StateOS/interface/src/os_lst.o
                                                  StateOS/interface/src/os_flg.o
                                                  StateOS/interface/src/os_evt.o
                                                  StateOS/interface/src/os_cnd.o
                                                  StateOS/interface/src/os_box.o
                                                  StateOS/interface/src/os_bar.o
core_ctx_init                                     StateOS/kernel/oskernel.o
                                                  StateOS/interface/src/os_tsk.o
core_ctx_switch                                   StateOS/kernel/oskernel.o
                                                  StateOS/port/STM32F4/osport.o
                                                  StateOS/interface/src/os_tsk.o
core_one_wakeup                                   StateOS/kernel/oskernel.o
                                                  StateOS/interface/src/os_sig.o
                                                  StateOS/interface/src/os_sem.o
                                                  StateOS/interface/src/os_mut.o
                                                  StateOS/interface/src/os_mtx.o
                                                  StateOS/interface/src/os_msg.o
                                                  StateOS/interface/src/os_mem.o
                                                  StateOS/interface/src/os_lst.o
                                                  StateOS/interface/src/os_flg.o
                                                  StateOS/interface/src/os_cnd.o
                                                  StateOS/interface/src/os_box.o
core_sys_alloc                                    StateOS/kernel/oskernel.o
                                                  StateOS/nasa-osal/osapi.o
                                                  StateOS/interface/src/os_tsk.o
                                                  StateOS/interface/src/os_tmr.o
                                                  StateOS/interface/src/os_sig.o
                                                  StateOS/interface/src/os_sem.o
                                                  StateOS/interface/src/os_mut.o
                                                  StateOS/interface/src/os_mtx.o
                                                  StateOS/interface/src/os_msg.o
                                                  StateOS/interface/src/os_mem.o
                                                  StateOS/interface/src/os_lst.o
                                                  StateOS/interface/src/os_flg.o
                                                  StateOS/interface/src/os_evt.o
                                                  StateOS/interface/src/os_cnd.o
                                                  StateOS/interface/src/os_box.o
                                                  StateOS/interface/src/os_bar.o
                                                  StateOS/cmsis-rtos/cmsis_os2.o
core_sys_free                                     StateOS/kernel/oskernel.o
                                                  StateOS/nasa-osal/osapi.o
                                                  StateOS/cmsis-rtos/cmsis_os2.o
core_tmr_handler                                  StateOS/kernel/oskernel.o
                                                  StateOS/port/STM32F4/osport.o
core_tmr_insert                                   StateOS/kernel/oskernel.o
                                                  StateOS/interface/src/os_tmr.o
core_tmr_remove                                   StateOS/kernel/oskernel.o
                                                  StateOS/interface/src/os_tsk.o
                                                  StateOS/interface/src/os_tmr.o
core_tsk_append                                   StateOS/kernel/oskernel.o
core_tsk_flip                                     StateOS/kernel/GNUCC/oscore.o
                                                  StateOS/interface/src/os_tsk.o
core_tsk_handler                                  StateOS/kernel/oskernel.o
                                                  StateOS/kernel/GNUCC/oscore.o
core_tsk_insert                                   StateOS/kernel/oskernel.o
                                                  StateOS/interface/src/os_tsk.o
core_tsk_loop                                     StateOS/kernel/oskernel.o
                                                  StateOS/kernel/GNUCC/oscore.o
core_tsk_prio                                     StateOS/kernel/oskernel.o
                                                  StateOS/nasa-osal/osapi.o
                                                  StateOS/interface/src/os_tsk.o
                                                  StateOS/interface/src/os_mtx.o
                                                  StateOS/cmsis-rtos/cmsis_os2.o
core_tsk_remove                                   StateOS/kernel/oskernel.o
                                                  StateOS/interface/src/os_tsk.o
core_tsk_unlink                                   StateOS/kernel/oskernel.o
                                                  StateOS/interface/src/os_tsk.o
core_tsk_waitFor                                  StateOS/kernel/oskernel.o
                                                  StateOS/interface/src/os_tsk.o
                                                  StateOS/interface/src/os_tmr.o
                                                  StateOS/interface/src/os_sig.o
                                                  StateOS/interface/src/os_sem.o
                                                  StateOS/interface/src/os_mut.o
                                                  StateOS/interface/src/os_mtx.o
                                                  StateOS/interface/src/os_msg.o
                                                  StateOS/interface/src/os_mem.o
                                                  StateOS/interface/src/os_lst.o
                                                  StateOS/interface/src/os_flg.o
                                                  StateOS/interface/src/os_evt.o
                                                  StateOS/interface/src/os_cnd.o
                                                  StateOS/interface/src/os_box.o
                                                  StateOS/interface/src/os_bar.o
core_tsk_waitUntil                                StateOS/kernel/oskernel.o
                                                  StateOS/interface/src/os_tsk.o
                                                  StateOS/interface/src/os_tmr.o
                                                  StateOS/interface/src/os_sig.o
                                                  StateOS/interface/src/os_sem.o
                                                  StateOS/interface/src/os_mut.o
                                                  StateOS/interface/src/os_mtx.o
                                                  StateOS/interface/src/os_msg.o
                                                  StateOS/interface/src/os_mem.o
                                                  StateOS/interface/src/os_lst.o
                                                  StateOS/interface/src/os_flg.o
                                                  StateOS/interface/src/os_evt.o
                                                  StateOS/interface/src/os_cnd.o
                                                  StateOS/interface/src/os_box.o
                                                  StateOS/interface/src/os_bar.o
core_tsk_wakeup                                   StateOS/kernel/oskernel.o
                                                  StateOS/interface/src/os_tsk.o
evt_create                                        StateOS/interface/src/os_evt.o
evt_give                                          StateOS/interface/src/os_evt.o
evt_init                                          StateOS/interface/src/os_evt.o
evt_kill                                          StateOS/interface/src/os_evt.o
evt_waitFor                                       StateOS/interface/src/os_evt.o
evt_waitUntil                                     StateOS/interface/src/os_evt.o
exit                                              c:/sys/gcc/bin/../lib/gcc/arm-none-eabi/6.2.1/../../../../arm-none-eabi/lib/thumb/v7e-m/fpv4-sp/hard\libc_nano.a(lib_a-exit.o)
                                                  c:/sys/gcc/bin/../lib/gcc/arm-none-eabi/6.2.1/../../../../arm-none-eabi/lib/thumb/v7e-m/fpv4-sp/hard/crt0.o
fflush                                            c:/sys/gcc/bin/../lib/gcc/arm-none-eabi/6.2.1/../../../../arm-none-eabi/lib/thumb/v7e-m/fpv4-sp/hard\libc_nano.a(lib_a-fflush.o)
flg_clear                                         StateOS/interface/src/os_flg.o
                                                  StateOS/cmsis-rtos/cmsis_os2.o
flg_create                                        StateOS/interface/src/os_flg.o
flg_give                                          StateOS/interface/src/os_flg.o
                                                  StateOS/cmsis-rtos/cmsis_os2.o
flg_init                                          StateOS/interface/src/os_flg.o
                                                  StateOS/cmsis-rtos/cmsis_os2.o
flg_kill                                          StateOS/interface/src/os_flg.o
                                                  StateOS/cmsis-rtos/cmsis_os2.o
flg_waitFor                                       StateOS/interface/src/os_flg.o
                                                  StateOS/cmsis-rtos/cmsis_os2.o
flg_waitUntil                                     StateOS/interface/src/os_flg.o
free                                              c:/sys/gcc/bin/../lib/gcc/arm-none-eabi/6.2.1/../../../../arm-none-eabi/lib/thumb/v7e-m/fpv4-sp/hard\libc_nano.a(lib_a-malloc.o)
                                                  StateOS/kernel/oskernel.o
grn                                               src/main.o
hardware_init_hook                                c:/sys/gcc/bin/../lib/gcc/arm-none-eabi/6.2.1/../../../../arm-none-eabi/lib/thumb/v7e-m/fpv4-sp/hard/crt0.o
iprintf                                           c:/sys/gcc/bin/../lib/gcc/arm-none-eabi/6.2.1/../../../../arm-none-eabi/lib/thumb/v7e-m/fpv4-sp/hard\libc_nano.a(lib_a-printf.o)
led                                               src/main.o
lst_create                                        StateOS/interface/src/os_lst.o
lst_give                                          StateOS/interface/src/os_lst.o
lst_init                                          StateOS/interface/src/os_lst.o
lst_kill                                          StateOS/interface/src/os_lst.o
lst_waitFor                                       StateOS/interface/src/os_lst.o
lst_waitUntil                                     StateOS/interface/src/os_lst.o
main                                              src/main.o
                                                  startup/STM32F4/startup.o
                                                  c:/sys/gcc/bin/../lib/gcc/arm-none-eabi/6.2.1/../../../../arm-none-eabi/lib/thumb/v7e-m/fpv4-sp/hard/crt0.o
malloc                                            c:/sys/gcc/bin/../lib/gcc/arm-none-eabi/6.2.1/../../../../arm-none-eabi/lib/thumb/v7e-m/fpv4-sp/hard\libc_nano.a(lib_a-malloc.o)
                                                  StateOS/kernel/oskernel.o
mem_bind                                          StateOS/interface/src/os_mem.o
mem_create                                        StateOS/interface/src/os_mem.o
mem_give                                          StateOS/interface/src/os_mem.o
                                                  StateOS/cmsis-rtos/cmsis_os2.o
mem_init                                          StateOS/interface/src/os_mem.o
                                                  StateOS/cmsis-rtos/cmsis_os2.o
mem_kill                                          StateOS/interface/src/os_mem.o
                                                  StateOS/cmsis-rtos/cmsis_os2.o
mem_waitFor                                       StateOS/interface/src/os_mem.o
                                                  StateOS/cmsis-rtos/cmsis_os2.o
mem_waitUntil                                     StateOS/interface/src/os_mem.o
memchr                                            c:/sys/gcc/bin/../lib/gcc/arm-none-eabi/6.2.1/../../../../arm-none-eabi/lib/thumb/v7e-m/fpv4-sp/hard\libc_nano.a(lib_a-memchr.o)
                                                  c:/sys/gcc/bin/../lib/gcc/arm-none-eabi/6.2.1/../../../../arm-none-eabi/lib/thumb/v7e-m/fpv4-sp/hard\libc_nano.a(lib_a-fvwrite.o)
                                                  c:/sys/gcc/bin/../lib/gcc/arm-none-eabi/6.2.1/../../../../arm-none-eabi/lib/thumb/v7e-m/fpv4-sp/hard\libc_nano.a(lib_a-nano-vfprintf_i.o)
                                                  c:/sys/gcc/bin/../lib/gcc/arm-none-eabi/6.2.1/../../../../arm-none-eabi/lib/thumb/v7e-m/fpv4-sp/hard\libc_nano.a(lib_a-nano-vfprintf.o)
memcpy                                            c:/sys/gcc/bin/../lib/gcc/arm-none-eabi/6.2.1/../../../../arm-none-eabi/lib/thumb/v7e-m/fpv4-sp/hard\libc_nano.a(lib_a-memcpy-stub.o)
                                                  c:/sys/gcc/bin/../lib/gcc/arm-none-eabi/6.2.1/../../../../arm-none-eabi/lib/thumb/v7e-m/fpv4-sp/hard\libc_nano.a(lib_a-nano-reallocr.o)
                                                  c:/sys/gcc/bin/../lib/gcc/arm-none-eabi/6.2.1/../../../../arm-none-eabi/lib/thumb/v7e-m/fpv4-sp/hard\libc_nano.a(lib_a-fvwrite.o)
memmove                                           c:/sys/gcc/bin/../lib/gcc/arm-none-eabi/6.2.1/../../../../arm-none-eabi/lib/thumb/v7e-m/fpv4-sp/hard\libc_nano.a(lib_a-memmove.o)
                                                  c:/sys/gcc/bin/../lib/gcc/arm-none-eabi/6.2.1/../../../../arm-none-eabi/lib/thumb/v7e-m/fpv4-sp/hard\libc_nano.a(lib_a-fvwrite.o)
memset                                            c:/sys/gcc/bin/../lib/gcc/arm-none-eabi/6.2.1/../../../../arm-none-eabi/lib/thumb/v7e-m/fpv4-sp/hard\libc_nano.a(lib_a-memset.o)
                                                  c:/sys/gcc/bin/../lib/gcc/arm-none-eabi/6.2.1/../../../../arm-none-eabi/lib/thumb/v7e-m/fpv4-sp/hard\libc_nano.a(lib_a-findfp.o)
                                                  StateOS/interface/src/os_tsk.o
                                                  StateOS/interface/src/os_tmr.o
                                                  StateOS/interface/src/os_mtx.o
                                                  StateOS/interface/src/os_msg.o
                                                  StateOS/interface/src/os_mem.o
                                                  StateOS/interface/src/os_box.o
                                                  StateOS/cmsis-rtos/cmsis_os1.o
                                                  c:/sys/gcc/bin/../lib/gcc/arm-none-eabi/6.2.1/../../../../arm-none-eabi/lib/thumb/v7e-m/fpv4-sp/hard/crt0.o
msg_create                                        StateOS/interface/src/os_msg.o
msg_init                                          StateOS/interface/src/os_msg.o
msg_kill                                          StateOS/interface/src/os_msg.o
msg_sendFor                                       StateOS/interface/src/os_msg.o
msg_sendUntil                                     StateOS/interface/src/os_msg.o
msg_waitFor                                       StateOS/interface/src/os_msg.o
msg_waitUntil                                     StateOS/interface/src/os_msg.o
mtx_create                                        StateOS/interface/src/os_mtx.o
mtx_give                                          StateOS/interface/src/os_mtx.o
                                                  StateOS/nasa-osal/osapi.o