ARM GAS  C:\Users\SZYMAN~1.RAJ\AppData\Local\Temp\ccxWDgUD.s 			page 1


   1              		.cpu cortex-m4
   2              		.eabi_attribute 27, 1
   3              		.eabi_attribute 28, 1
   4              		.eabi_attribute 23, 1
   5              		.eabi_attribute 24, 1
   6              		.eabi_attribute 25, 1
   7              		.eabi_attribute 26, 1
   8              		.eabi_attribute 30, 4
   9              		.eabi_attribute 34, 1
  10              		.eabi_attribute 18, 4
  11              		.file	"system_stm32f4xx.c"
  12              		.section	.text.SystemInit,"ax",%progbits
  13              		.align	1
  14              		.weak	SystemInit
  15              		.syntax unified
  16              		.thumb
  17              		.thumb_func
  18              		.fpu fpv4-sp-d16
  19              		.type	SystemInit, %function
  20              	SystemInit:
  21              		@ args = 0, pretend = 0, frame = 0
  22              		@ frame_needed = 0, uses_anonymous_args = 0
  23              		@ link register save eliminated.
  24 0000 104B     		ldr	r3, .L10
  25 0002 40F20672 		movw	r2, #1798
  26 0006 1A60     		str	r2, [r3]
  27 0008 A3F58063 		sub	r3, r3, #1024
  28 000c 1A68     		ldr	r2, [r3]
  29 000e 42F48032 		orr	r2, r2, #65536
  30 0012 1A60     		str	r2, [r3]
  31              	.L2:
  32 0014 1A68     		ldr	r2, [r3]
  33 0016 9003     		lsls	r0, r2, #14
  34 0018 FCD5     		bpl	.L2
  35 001a 0B4A     		ldr	r2, .L10+4
  36 001c 5A60     		str	r2, [r3, #4]
  37 001e 1A68     		ldr	r2, [r3]
  38 0020 42F08072 		orr	r2, r2, #16777216
  39 0024 1A60     		str	r2, [r3]
  40 0026 094B     		ldr	r3, .L10+8
  41 0028 1A46     		mov	r2, r3
  42              	.L3:
  43 002a 1968     		ldr	r1, [r3]
  44 002c 8901     		lsls	r1, r1, #6
  45 002e FCD5     		bpl	.L3
  46 0030 49F20241 		movw	r1, #37890
  47 0034 9960     		str	r1, [r3, #8]
  48              	.L4:
  49 0036 9368     		ldr	r3, [r2, #8]
  50 0038 03F00C03 		and	r3, r3, #12
  51 003c 082B     		cmp	r3, #8
  52 003e FAD1     		bne	.L4
  53 0040 7047     		bx	lr
  54              	.L11:
  55 0042 00BF     		.align	2
  56              	.L10:
  57 0044 003C0240 		.word	1073888256
ARM GAS  C:\Users\SZYMAN~1.RAJ\AppData\Local\Temp\ccxWDgUD.s 			page 2


  58 0048 08544007 		.word	121656328
  59 004c 00380240 		.word	1073887232
  60              		.size	SystemInit, .-SystemInit
  61              		.weak	SystemCoreClock
  62              		.section	.data.SystemCoreClock,"aw",%progbits
  63              		.align	2
  64              		.type	SystemCoreClock, %object
  65              		.size	SystemCoreClock, 4
  66              	SystemCoreClock:
  67 0000 007A030A 		.word	168000000
  68              		.ident	"GCC: (GNU Tools for ARM Embedded Processors) 6.2.1 20161205 (release) [ARM/embedded-6-bran
ARM GAS  C:\Users\SZYMAN~1.RAJ\AppData\Local\Temp\ccxWDgUD.s 			page 3


DEFINED SYMBOLS
                            *ABS*:00000000 system_stm32f4xx.c
C:\Users\SZYMAN~1.RAJ\AppData\Local\Temp\ccxWDgUD.s:13     .text.SystemInit:00000000 $t
C:\Users\SZYMAN~1.RAJ\AppData\Local\Temp\ccxWDgUD.s:20     .text.SystemInit:00000000 SystemInit
C:\Users\SZYMAN~1.RAJ\AppData\Local\Temp\ccxWDgUD.s:57     .text.SystemInit:00000044 $d
C:\Users\SZYMAN~1.RAJ\AppData\Local\Temp\ccxWDgUD.s:66     .data.SystemCoreClock:00000000 SystemCoreClock
C:\Users\SZYMAN~1.RAJ\AppData\Local\Temp\ccxWDgUD.s:63     .data.SystemCoreClock:00000000 $d

NO UNDEFINED SYMBOLS
